1, lw   : Disk  ;  Disk 
2, lhu  : ITLB  ;  Disk 
3, lw   : ITLB  ;  DCache  DTLB 
4, lw   : ITLB  ;  DCache  DTLB 
5, lh   : ITLB  ;  Disk 
6, nor  : ITLB  ; 
7, addiu: ITLB  ; 
8, nand : ITLB  ; 
9, add  : ITLB  ; 
10, andi : ITLB  ; 
11, nori : ITLB  ; 
12, xor  : ITLB  ; 
13, addi : ITLB  ; 
14, addi : ITLB  ; 
15, addi : ITLB  ; 
16, slt  : ITLB  ; 
17, beq  : ITLB  ; 
18, bne  : ITLB  ; 
19, beq  : ITLB  ; 
20, sll  : ITLB  ; 
21, sll  : ITLB  ; 
22, sll  : ITLB  ; 
23, mult : ITLB  ; 
24, multu: ITLB  ; 
25, sub  : ITLB  ; 
26, jal  : ITLB  ; 
27, andi : ITLB  ; 
28, nori : ICache  ITLB  ; 
29, xor  : ITLB  ; 
30, addi : ICache  ITLB  ; 
31, addi : ITLB  ; 
32, addi : ICache  ITLB  ; 
33, slt  : ICache  ITLB  ; 
34, beq  : ICache  ITLB  ; 
35, bne  : ITLB  ; 
36, beq  : ICache  ITLB  ; 
37, sll  : ITLB  ; 
38, sll  : ICache  ITLB  ; 
39, sll  : ITLB  ; 
40, mult : ICache  ITLB  ; 
41, multu: ITLB  ; 
42, sub  : ICache  ITLB  ; 
43, jal  : ITLB  ; 
44, andi : ITLB  ; 
45, nori : ICache  ITLB  ; 
46, xor  : ICache  ITLB  ; 
47, addi : ICache  ITLB  ; 
48, addi : ITLB  ; 
49, addi : ICache  ITLB  ; 
50, slt  : ICache  ITLB  ; 
51, beq  : ICache  ITLB  ; 
52, bne  : ITLB  ; 
53, beq  : ICache  ITLB  ; 
54, sll  : ITLB  ; 
55, sll  : ICache  ITLB  ; 
56, sll  : ITLB  ; 
57, mult : ICache  ITLB  ; 
58, multu: ITLB  ; 
59, sub  : ICache  ITLB  ; 
60, jal  : ICache  ITLB  ; 
61, andi : ITLB  ; 
62, nori : ICache  ITLB  ; 
63, xor  : ICache  ITLB  ; 
64, addi : ICache  ITLB  ; 
65, addi : ITLB  ; 
66, addi : ICache  ITLB  ; 
67, slt  : ICache  ITLB  ; 
68, beq  : ICache  ITLB  ; 
69, bne  : ITLB  ; 
70, beq  : ICache  ITLB  ; 
71, sll  : ITLB  ; 
72, sll  : ICache  ITLB  ; 
73, sll  : ICache  ITLB  ; 
74, mult : ICache  ITLB  ; 
75, multu: ITLB  ; 
76, sub  : ICache  ITLB  ; 
77, jal  : ICache  ITLB  ; 
78, andi : ITLB  ; 
79, nori : ICache  ITLB  ; 
80, xor  : ICache  ITLB  ; 
81, addi : ICache  ITLB  ; 
82, addi : ITLB  ; 
83, addi : ICache  ITLB  ; 
84, slt  : ITLB  ; 
85, beq  : ICache  ITLB  ; 
86, bne  : ICache  ITLB  ; 
87, beq  : ICache  ITLB  ; 
88, sll  : ITLB  ; 
89, sll  : ICache  ITLB  ; 
90, sll  : ICache  ITLB  ; 
91, mult : ICache  ITLB  ; 
92, multu: ITLB  ; 
93, sub  : ICache  ITLB  ; 
94, jal  : ICache  ITLB  ; 
95, andi : ITLB  ; 
96, nori : ICache  ITLB  ; 
97, xor  : ITLB  ; 
98, addi : ICache  ITLB  ; 
99, addi : ICache  ITLB  ; 
100, addi : ICache  ITLB  ; 
101, slt  : ITLB  ; 
102, beq  : ICache  ITLB  ; 
103, bne  : ICache  ITLB  ; 
104, beq  : ICache  ITLB  ; 
105, sll  : ITLB  ; 
106, sll  : ICache  ITLB  ; 
107, sll  : ICache  ITLB  ; 
108, mult : ICache  ITLB  ; 
109, multu: ITLB  ; 
110, sub  : ICache  ITLB  ; 
111, jal  : ITLB  ; 
112, andi : ICache  ITLB  ; 
113, nori : ICache  ITLB  ; 
114, xor  : ITLB  ; 
115, addi : ICache  ITLB  ; 
116, addi : ICache  ITLB  ; 
117, addi : ICache  ITLB  ; 
118, slt  : ITLB  ; 
119, beq  : ICache  ITLB  ; 
120, bne  : ICache  ITLB  ; 
121, beq  : ICache  ITLB  ; 
122, sll  : ITLB  ; 
123, sll  : ICache  ITLB  ; 
124, sll  : ITLB  ; 
125, mult : ICache  ITLB  ; 
126, multu: ICache  ITLB  ; 
127, sub  : ICache  ITLB  ; 
128, jal  : ITLB  ; 
129, andi : ICache  ITLB  ; 
130, nori : ICache  ITLB  ; 
131, xor  : ITLB  ; 
132, addi : ICache  ITLB  ; 
133, addi : ICache  ITLB  ; 
134, addi : ICache  ITLB  ; 
135, slt  : ITLB  ; 
136, beq  : ICache  ITLB  ; 
137, bne  : ITLB  ; 
138, beq  : ICache  ITLB  ; 
139, sll  : ICache  ITLB  ; 
140, sll  : ICache  ITLB  ; 
141, sll  : ITLB  ; 
142, mult : ICache  ITLB  ; 
143, multu: ICache  ITLB  ; 
144, sub  : ICache  ITLB  ; 
145, jal  : ITLB  ; 
146, andi : ICache  ITLB  ; 
147, nori : ICache  ITLB  ; 
148, xor  : ITLB  ; 
149, addi : ICache  ITLB  ; 
150, addi : ITLB  ; 
151, addi : ICache  ITLB  ; 
152, slt  : ICache  ITLB  ; 
153, beq  : ICache  ITLB  ; 
154, bne  : ITLB  ; 
155, beq  : ICache  ITLB  ; 
156, sll  : ICache  ITLB  ; 
157, sll  : ICache  ITLB  ; 
158, sll  : ITLB  ; 
159, mult : ICache  ITLB  ; 
160, multu: ICache  ITLB  ; 
161, sub  : ICache  ITLB  ; 
162, jal  : ITLB  ; 
163, andi : ITLB  ; 
164, nori : ICache  ITLB  ; 
165, xor  : ICache  ITLB  ; 
166, addi : ICache  ITLB  ; 
167, addi : ITLB  ; 
168, addi : ICache  ITLB  ; 
169, slt  : ICache  ITLB  ; 
170, beq  : ICache  ITLB  ; 
171, bne  : ITLB  ; 
172, beq  : ICache  ITLB  ; 
173, sll  : ICache  ITLB  ; 
174, sll  : ICache  ITLB  ; 
175, sll  : ITLB  ; 
176, mult : ICache  ITLB  ; 
177, multu: ITLB  ; 
178, sub  : ICache  ITLB  ; 
179, jal  : ICache  ITLB  ; 
180, andi : ITLB  ; 
181, nori : ICache  ITLB  ; 
182, xor  : ICache  ITLB  ; 
183, addi : ICache  ITLB  ; 
184, addi : ITLB  ; 
185, addi : ICache  ITLB  ; 
186, slt  : ICache  ITLB  ; 
187, beq  : ICache  ITLB  ; 
188, bne  : ITLB  ; 
189, beq  : ICache  ITLB  ; 
190, sll  : ITLB  ; 
191, sll  : ICache  ITLB  ; 
192, sll  : ICache  ITLB  ; 
193, mult : ICache  ITLB  ; 
194, multu: ITLB  ; 
195, sub  : ICache  ITLB  ; 
196, jal  : ICache  ITLB  ; 
197, andi : ITLB  ; 
198, nori : ICache  ITLB  ; 
199, xor  : ICache  ITLB  ; 
200, addi : ICache  ITLB  ; 
201, addi : ITLB  ; 
202, addi : ICache  ITLB  ; 
203, slt  : ITLB  ; 
204, beq  : ICache  ITLB  ; 
205, bne  : ICache  ITLB  ; 
206, beq  : ICache  ITLB  ; 
207, sll  : ITLB  ; 
208, sll  : ICache  ITLB  ; 
209, sll  : ICache  ITLB  ; 
210, mult : ICache  ITLB  ; 
211, multu: ITLB  ; 
212, sub  : ICache  ITLB  ; 
213, jal  : ICache  ITLB  ; 
214, andi : ITLB  ; 
215, nori : ICache  ITLB  ; 
216, xor  : ITLB  ; 
217, addi : ICache  ITLB  ; 
218, addi : ICache  ITLB  ; 
219, addi : ICache  ITLB  ; 
220, slt  : ITLB  ; 
221, beq  : ICache  ITLB  ; 
222, bne  : ICache  ITLB  ; 
223, beq  : ICache  ITLB  ; 
224, sll  : ITLB  ; 
225, sll  : ICache  ITLB  ; 
226, sll  : ICache  ITLB  ; 
227, mult : ICache  ITLB  ; 
228, multu: ITLB  ; 
229, sub  : ICache  ITLB  ; 
230, jal  : ITLB  ; 
231, andi : ICache  ITLB  ; 
232, nori : ICache  ITLB  ; 
233, xor  : ITLB  ; 
234, addi : ICache  ITLB  ; 
235, addi : ICache  ITLB  ; 
236, addi : ICache  ITLB  ; 
237, slt  : ITLB  ; 
238, beq  : ICache  ITLB  ; 
239, bne  : ICache  ITLB  ; 
240, beq  : ICache  ITLB  ; 
241, sll  : ITLB  ; 
242, sll  : ICache  ITLB  ; 
243, sll  : ITLB  ; 
244, mult : ICache  ITLB  ; 
245, multu: ICache  ITLB  ; 
246, sub  : ICache  ITLB  ; 
247, jal  : ITLB  ; 
248, andi : ICache  ITLB  ; 
249, nori : ICache  ITLB  ; 
250, xor  : ITLB  ; 
251, addi : ICache  ITLB  ; 
252, addi : ICache  ITLB  ; 
253, addi : ICache  ITLB  ; 
254, slt  : ITLB  ; 
255, beq  : ICache  ITLB  ; 
256, bne  : ITLB  ; 
257, beq  : ICache  ITLB  ; 
258, sll  : ICache  ITLB  ; 
259, sll  : ICache  ITLB  ; 
260, sll  : ITLB  ; 
261, mult : ICache  ITLB  ; 
262, multu: ICache  ITLB  ; 
263, sub  : ICache  ITLB  ; 
264, jal  : ITLB  ; 
265, andi : ICache  ITLB  ; 
266, nori : ICache  ITLB  ; 
267, xor  : ITLB  ; 
268, addi : ICache  ITLB  ; 
269, addi : ITLB  ; 
270, addi : ICache  ITLB  ; 
271, slt  : ICache  ITLB  ; 
272, beq  : ICache  ITLB  ; 
273, bne  : ITLB  ; 
274, beq  : ICache  ITLB  ; 
275, sll  : ICache  ITLB  ; 
276, sll  : ICache  ITLB  ; 
277, sll  : ITLB  ; 
278, mult : ICache  ITLB  ; 
279, multu: ICache  ITLB  ; 
280, sub  : ICache  ITLB  ; 
281, jal  : ITLB  ; 
282, andi : ITLB  ; 
283, nori : ICache  ITLB  ; 
284, xor  : ICache  ITLB  ; 
285, addi : ICache  ITLB  ; 
286, addi : ITLB  ; 
287, addi : ICache  ITLB  ; 
288, slt  : ICache  ITLB  ; 
289, beq  : ICache  ITLB  ; 
290, bne  : ITLB  ; 
291, beq  : ICache  ITLB  ; 
292, sll  : ICache  ITLB  ; 
293, sll  : ICache  ITLB  ; 
294, sll  : ITLB  ; 
295, mult : ICache  ITLB  ; 
296, multu: ITLB  ; 
297, sub  : ICache  ITLB  ; 
298, jal  : ICache  ITLB  ; 
299, andi : ITLB  ; 
300, nori : ICache  ITLB  ; 
301, xor  : ICache  ITLB  ; 
302, addi : ICache  ITLB  ; 
303, addi : ITLB  ; 
304, addi : ICache  ITLB  ; 
305, slt  : ICache  ITLB  ; 
306, beq  : ICache  ITLB  ; 
307, bne  : ITLB  ; 
308, beq  : ICache  ITLB  ; 
309, sll  : ITLB  ; 
310, sll  : ICache  ITLB  ; 
311, sll  : ICache  ITLB  ; 
312, mult : ICache  ITLB  ; 
313, multu: ITLB  ; 
314, sub  : ICache  ITLB  ; 
315, jal  : ICache  ITLB  ; 
316, andi : ITLB  ; 
317, nori : ICache  ITLB  ; 
318, xor  : ICache  ITLB  ; 
319, addi : ICache  ITLB  ; 
320, addi : ITLB  ; 
321, addi : ICache  ITLB  ; 
322, slt  : ITLB  ; 
323, beq  : ICache  ITLB  ; 
324, bne  : ICache  ITLB  ; 
325, beq  : ICache  ITLB  ; 
326, sll  : ITLB  ; 
327, sll  : ICache  ITLB  ; 
328, sll  : ICache  ITLB  ; 
329, mult : ICache  ITLB  ; 
330, multu: ITLB  ; 
331, sub  : ICache  ITLB  ; 
332, jal  : ICache  ITLB  ; 
333, andi : ITLB  ; 
334, nori : ICache  ITLB  ; 
335, xor  : ITLB  ; 
336, addi : ICache  ITLB  ; 
337, addi : ICache  ITLB  ; 
338, addi : ICache  ITLB  ; 
339, slt  : ITLB  ; 
340, beq  : ICache  ITLB  ; 
341, bne  : ICache  ITLB  ; 
342, beq  : ICache  ITLB  ; 
343, sll  : ITLB  ; 
344, sll  : ICache  ITLB  ; 
345, sll  : ICache  ITLB  ; 
346, mult : ICache  ITLB  ; 
347, multu: ITLB  ; 
348, sub  : ICache  ITLB  ; 
349, jal  : ITLB  ; 
350, andi : ICache  ITLB  ; 
351, nori : ICache  ITLB  ; 
352, xor  : ITLB  ; 
353, addi : ICache  ITLB  ; 
354, addi : ICache  ITLB  ; 
355, addi : ICache  ITLB  ; 
356, slt  : ITLB  ; 
357, beq  : ICache  ITLB  ; 
358, bne  : ICache  ITLB  ; 
359, beq  : ICache  ITLB  ; 
360, sll  : ITLB  ; 
361, sll  : ICache  ITLB  ; 
362, sll  : ITLB  ; 
363, mult : ICache  ITLB  ; 
364, multu: ICache  ITLB  ; 
365, sub  : ICache  ITLB  ; 
366, jal  : ITLB  ; 
367, andi : ICache  ITLB  ; 
368, nori : ICache  ITLB  ; 
369, xor  : ITLB  ; 
370, addi : ICache  ITLB  ; 
371, addi : ICache  ITLB  ; 
372, addi : ICache  ITLB  ; 
373, slt  : ITLB  ; 
374, beq  : ICache  ITLB  ; 
375, bne  : ITLB  ; 
376, beq  : ICache  ITLB  ; 
377, sll  : ICache  ITLB  ; 
378, sll  : ICache  ITLB  ; 
379, sll  : ITLB  ; 
380, mult : ICache  ITLB  ; 
381, multu: ICache  ITLB  ; 
382, sub  : ICache  ITLB  ; 
383, jal  : ITLB  ; 
384, andi : ICache  ITLB  ; 
385, nori : ICache  ITLB  ; 
386, xor  : ITLB  ; 
387, addi : ICache  ITLB  ; 
388, addi : ITLB  ; 
389, addi : ICache  ITLB  ; 
390, slt  : ICache  ITLB  ; 
391, beq  : ICache  ITLB  ; 
392, bne  : ITLB  ; 
393, beq  : ICache  ITLB  ; 
394, sll  : ICache  ITLB  ; 
395, sll  : ICache  ITLB  ; 
396, sll  : ITLB  ; 
397, mult : ICache  ITLB  ; 
398, multu: ICache  ITLB  ; 
399, sub  : ICache  ITLB  ; 
400, jal  : ITLB  ; 
401, andi : ITLB  ; 
402, nori : ICache  ITLB  ; 
403, xor  : ICache  ITLB  ; 
404, addi : ICache  ITLB  ; 
405, addi : ITLB  ; 
406, addi : ICache  ITLB  ; 
407, slt  : ICache  ITLB  ; 
408, beq  : ICache  ITLB  ; 
409, bne  : ITLB  ; 
410, beq  : ICache  ITLB  ; 
411, sll  : ICache  ITLB  ; 
412, sll  : ICache  ITLB  ; 
413, sll  : ITLB  ; 
414, mult : ICache  ITLB  ; 
415, multu: ITLB  ; 
416, sub  : ICache  ITLB  ; 
417, jal  : ICache  ITLB  ; 
418, andi : ITLB  ; 
419, nori : ICache  ITLB  ; 
420, xor  : ICache  ITLB  ; 
421, addi : ICache  ITLB  ; 
422, addi : ITLB  ; 
423, addi : ICache  ITLB  ; 
424, slt  : ICache  ITLB  ; 
425, beq  : ICache  ITLB  ; 
426, bne  : ITLB  ; 
427, beq  : ICache  ITLB  ; 
428, sll  : ITLB  ; 
429, sll  : ICache  ITLB  ; 
430, sll  : ICache  ITLB  ; 
431, mult : ICache  ITLB  ; 
432, multu: ITLB  ; 
433, sub  : ICache  ITLB  ; 
434, jal  : ICache  ITLB  ; 
435, andi : ITLB  ; 
436, nori : ICache  ITLB  ; 
437, xor  : ICache  ITLB  ; 
438, addi : ICache  ITLB  ; 
439, addi : ITLB  ; 
440, addi : ICache  ITLB  ; 
441, slt  : ITLB  ; 
442, beq  : ICache  ITLB  ; 
443, bne  : ICache  ITLB  ; 
444, beq  : ICache  ITLB  ; 
445, sll  : ITLB  ; 
446, sll  : ICache  ITLB  ; 
447, sll  : ICache  ITLB  ; 
448, mult : ICache  ITLB  ; 
449, multu: ITLB  ; 
450, sub  : ICache  ITLB  ; 
451, jal  : ICache  ITLB  ; 
452, andi : ITLB  ; 
453, nori : ICache  ITLB  ; 
454, xor  : ITLB  ; 
455, addi : ICache  ITLB  ; 
456, addi : ICache  ITLB  ; 
457, addi : ICache  ITLB  ; 
458, slt  : ITLB  ; 
459, beq  : ICache  ITLB  ; 
460, bne  : ICache  ITLB  ; 
461, beq  : ICache  ITLB  ; 
462, sll  : ITLB  ; 
463, sll  : ICache  ITLB  ; 
464, sll  : ICache  ITLB  ; 
465, mult : ICache  ITLB  ; 
466, multu: ITLB  ; 
467, sub  : ICache  ITLB  ; 
468, jal  : ITLB  ; 
469, andi : ICache  ITLB  ; 
470, nori : ICache  ITLB  ; 
471, xor  : ITLB  ; 
472, addi : ICache  ITLB  ; 
473, addi : ICache  ITLB  ; 
474, addi : ICache  ITLB  ; 
475, slt  : ITLB  ; 
476, beq  : ICache  ITLB  ; 
477, bne  : ICache  ITLB  ; 
478, beq  : ICache  ITLB  ; 
479, sll  : ITLB  ; 
480, sll  : ICache  ITLB  ; 
481, sll  : ITLB  ; 
482, mult : ICache  ITLB  ; 
483, multu: ICache  ITLB  ; 
484, sub  : ICache  ITLB  ; 
485, jal  : ITLB  ; 
486, andi : ICache  ITLB  ; 
487, nori : ICache  ITLB  ; 
488, xor  : ITLB  ; 
489, addi : ICache  ITLB  ; 
490, addi : ICache  ITLB  ; 
491, addi : ICache  ITLB  ; 
492, slt  : ITLB  ; 
493, beq  : ICache  ITLB  ; 
494, bne  : ITLB  ; 
495, beq  : ICache  ITLB  ; 
496, sll  : ICache  ITLB  ; 
497, sll  : ICache  ITLB  ; 
498, sll  : ITLB  ; 
499, mult : ICache  ITLB  ; 
500, multu: ICache  ITLB  ; 
501, sub  : ICache  ITLB  ; 
502, jal  : ITLB  ; 
503, andi : ICache  ITLB  ; 
504, nori : ICache  ITLB  ; 
505, xor  : ITLB  ; 
506, addi : ICache  ITLB  ; 
507, addi : ITLB  ; 
508, addi : ICache  ITLB  ; 
509, slt  : ICache  ITLB  ; 
510, beq  : ICache  ITLB  ; 
511, bne  : ITLB  ; 
512, beq  : ICache  ITLB  ; 
513, sll  : ICache  ITLB  ; 
514, sll  : ICache  ITLB  ; 
515, sll  : ITLB  ; 
516, mult : ICache  ITLB  ; 
517, multu: ICache  ITLB  ; 
518, sub  : ICache  ITLB  ; 
519, jal  : ITLB  ; 
520, andi : ITLB  ; 
521, nori : ICache  ITLB  ; 
522, xor  : ICache  ITLB  ; 
523, addi : ICache  ITLB  ; 
524, addi : ITLB  ; 
525, addi : ICache  ITLB  ; 
526, slt  : ICache  ITLB  ; 
527, beq  : ICache  ITLB  ; 
528, bne  : ITLB  ; 
529, beq  : ICache  ITLB  ; 
530, sll  : ICache  ITLB  ; 
531, sll  : ICache  ITLB  ; 
532, sll  : ITLB  ; 
533, mult : ICache  ITLB  ; 
534, multu: ITLB  ; 
535, sub  : ICache  ITLB  ; 
536, jal  : ICache  ITLB  ; 
537, andi : ITLB  ; 
538, nori : ICache  ITLB  ; 
539, xor  : ICache  ITLB  ; 
540, addi : ICache  ITLB  ; 
541, addi : ITLB  ; 
542, addi : ICache  ITLB  ; 
543, slt  : ICache  ITLB  ; 
544, beq  : ICache  ITLB  ; 
545, bne  : ITLB  ; 
546, beq  : ICache  ITLB  ; 
547, sll  : ITLB  ; 
548, sll  : ICache  ITLB  ; 
549, sll  : ICache  ITLB  ; 
550, mult : ICache  ITLB  ; 
551, multu: ITLB  ; 
552, sub  : ICache  ITLB  ; 
553, jal  : ICache  ITLB  ; 
554, andi : ITLB  ; 
555, nori : ICache  ITLB  ; 
556, xor  : ICache  ITLB  ; 
557, addi : ICache  ITLB  ; 
558, addi : ITLB  ; 
559, addi : ICache  ITLB  ; 
560, slt  : ITLB  ; 
561, beq  : ICache  ITLB  ; 
562, bne  : ICache  ITLB  ; 
563, beq  : ICache  ITLB  ; 
564, sll  : ITLB  ; 
565, sll  : ICache  ITLB  ; 
566, sll  : ICache  ITLB  ; 
567, mult : ICache  ITLB  ; 
568, multu: ITLB  ; 
569, sub  : ICache  ITLB  ; 
570, jal  : ICache  ITLB  ; 
571, andi : ITLB  ; 
572, nori : ICache  ITLB  ; 
573, xor  : ITLB  ; 
574, addi : ICache  ITLB  ; 
575, addi : ICache  ITLB  ; 
576, addi : ICache  ITLB  ; 
577, slt  : ITLB  ; 
578, beq  : ICache  ITLB  ; 
579, bne  : ICache  ITLB  ; 
580, beq  : ICache  ITLB  ; 
581, sll  : ITLB  ; 
582, sll  : ICache  ITLB  ; 
583, sll  : ICache  ITLB  ; 
584, mult : ICache  ITLB  ; 
585, multu: ITLB  ; 
586, sub  : ICache  ITLB  ; 
587, jal  : ITLB  ; 
588, andi : ICache  ITLB  ; 
589, nori : ICache  ITLB  ; 
590, xor  : ITLB  ; 
591, addi : ICache  ITLB  ; 
592, addi : ICache  ITLB  ; 
593, addi : ICache  ITLB  ; 
594, slt  : ITLB  ; 
595, beq  : ICache  ITLB  ; 
596, bne  : ICache  ITLB  ; 
597, beq  : ICache  ITLB  ; 
598, sll  : ITLB  ; 
599, sll  : ICache  ITLB  ; 
600, sll  : ITLB  ; 
601, mult : ICache  ITLB  ; 
602, multu: ICache  ITLB  ; 
603, sub  : ICache  ITLB  ; 
604, jal  : ITLB  ; 
605, andi : ICache  ITLB  ; 
606, nori : ICache  ITLB  ; 
607, xor  : ITLB  ; 
608, addi : ICache  ITLB  ; 
609, addi : ICache  ITLB  ; 
610, addi : ICache  ITLB  ; 
611, slt  : ITLB  ; 
612, beq  : ICache  ITLB  ; 
613, bne  : ITLB  ; 
614, beq  : ICache  ITLB  ; 
615, sll  : ICache  ITLB  ; 
616, sll  : ICache  ITLB  ; 
617, sll  : ITLB  ; 
618, mult : ICache  ITLB  ; 
619, multu: ICache  ITLB  ; 
620, sub  : ICache  ITLB  ; 
621, jal  : ITLB  ; 
622, andi : ICache  ITLB  ; 
623, nori : ICache  ITLB  ; 
624, xor  : ITLB  ; 
625, addi : ICache  ITLB  ; 
626, addi : ITLB  ; 
627, addi : ICache  ITLB  ; 
628, slt  : ICache  ITLB  ; 
629, beq  : ICache  ITLB  ; 
630, bne  : ITLB  ; 
631, beq  : ICache  ITLB  ; 
632, sll  : ICache  ITLB  ; 
633, sll  : ICache  ITLB  ; 
634, sll  : ITLB  ; 
635, mult : ICache  ITLB  ; 
636, multu: ICache  ITLB  ; 
637, sub  : ICache  ITLB  ; 
638, jal  : ITLB  ; 
639, andi : ITLB  ; 
640, nori : ICache  ITLB  ; 
641, xor  : ICache  ITLB  ; 
642, addi : ICache  ITLB  ; 
643, addi : ITLB  ; 
644, addi : ICache  ITLB  ; 
645, slt  : ICache  ITLB  ; 
646, beq  : ICache  ITLB  ; 
647, bne  : ITLB  ; 
648, beq  : ICache  ITLB  ; 
649, sll  : ICache  ITLB  ; 
650, sll  : ICache  ITLB  ; 
651, sll  : ITLB  ; 
652, mult : ICache  ITLB  ; 
653, multu: ITLB  ; 
654, sub  : ICache  ITLB  ; 
655, jal  : ICache  ITLB  ; 
656, andi : ITLB  ; 
657, nori : ICache  ITLB  ; 
658, xor  : ICache  ITLB  ; 
659, addi : ICache  ITLB  ; 
660, addi : ITLB  ; 
661, addi : ICache  ITLB  ; 
662, slt  : ICache  ITLB  ; 
663, beq  : ICache  ITLB  ; 
664, bne  : ITLB  ; 
665, beq  : ICache  ITLB  ; 
666, sll  : ITLB  ; 
667, sll  : ICache  ITLB  ; 
668, sll  : ICache  ITLB  ; 
669, mult : ICache  ITLB  ; 
670, multu: ITLB  ; 
671, sub  : ICache  ITLB  ; 
672, jal  : ICache  ITLB  ; 
673, andi : ITLB  ; 
674, nori : ICache  ITLB  ; 
675, xor  : ICache  ITLB  ; 
676, addi : ICache  ITLB  ; 
677, addi : ITLB  ; 
678, addi : ICache  ITLB  ; 
679, slt  : ITLB  ; 
680, beq  : ICache  ITLB  ; 
681, bne  : ICache  ITLB  ; 
682, beq  : ICache  ITLB  ; 
683, sll  : ITLB  ; 
684, sll  : ICache  ITLB  ; 
685, sll  : ICache  ITLB  ; 
686, mult : ICache  ITLB  ; 
687, multu: ITLB  ; 
688, sub  : ICache  ITLB  ; 
689, jal  : ICache  ITLB  ; 
690, andi : ITLB  ; 
691, nori : ICache  ITLB  ; 
692, xor  : ITLB  ; 
693, addi : ICache  ITLB  ; 
694, addi : ICache  ITLB  ; 
695, addi : ICache  ITLB  ; 
696, slt  : ITLB  ; 
697, beq  : ICache  ITLB  ; 
698, bne  : ICache  ITLB  ; 
699, beq  : ICache  ITLB  ; 
700, sll  : ITLB  ; 
701, sll  : ICache  ITLB  ; 
702, sll  : ICache  ITLB  ; 
703, mult : ICache  ITLB  ; 
704, multu: ITLB  ; 
705, sub  : ICache  ITLB  ; 
706, jal  : ITLB  ; 
707, andi : ICache  ITLB  ; 
708, nori : ICache  ITLB  ; 
709, xor  : ITLB  ; 
710, addi : ICache  ITLB  ; 
711, addi : ICache  ITLB  ; 
712, addi : ICache  ITLB  ; 
713, slt  : ITLB  ; 
714, beq  : ICache  ITLB  ; 
715, bne  : ICache  ITLB  ; 
716, beq  : ICache  ITLB  ; 
717, sll  : ITLB  ; 
718, sll  : ICache  ITLB  ; 
719, sll  : ITLB  ; 
720, mult : ICache  ITLB  ; 
721, multu: ICache  ITLB  ; 
722, sub  : ICache  ITLB  ; 
723, jal  : ITLB  ; 
724, andi : ICache  ITLB  ; 
725, nori : ICache  ITLB  ; 
726, xor  : ITLB  ; 
727, addi : ICache  ITLB  ; 
728, addi : ICache  ITLB  ; 
729, addi : ICache  ITLB  ; 
730, slt  : ITLB  ; 
731, beq  : ICache  ITLB  ; 
732, bne  : ITLB  ; 
733, beq  : ICache  ITLB  ; 
734, sll  : ICache  ITLB  ; 
735, sll  : ICache  ITLB  ; 
736, sll  : ITLB  ; 
737, mult : ICache  ITLB  ; 
738, multu: ICache  ITLB  ; 
739, sub  : ICache  ITLB  ; 
740, jal  : ITLB  ; 
741, andi : ICache  ITLB  ; 
742, nori : ICache  ITLB  ; 
743, xor  : ITLB  ; 
744, addi : ICache  ITLB  ; 
745, addi : ITLB  ; 
746, addi : ICache  ITLB  ; 
747, slt  : ICache  ITLB  ; 
748, beq  : ICache  ITLB  ; 
749, bne  : ITLB  ; 
750, beq  : ICache  ITLB  ; 
751, sll  : ICache  ITLB  ; 
752, sll  : ICache  ITLB  ; 
753, sll  : ITLB  ; 
754, mult : ICache  ITLB  ; 
755, multu: ICache  ITLB  ; 
756, sub  : ICache  ITLB  ; 
757, jal  : ITLB  ; 
758, andi : ITLB  ; 
759, nori : ICache  ITLB  ; 
760, xor  : ICache  ITLB  ; 
761, addi : ICache  ITLB  ; 
762, addi : ITLB  ; 
763, addi : ICache  ITLB  ; 
764, slt  : ICache  ITLB  ; 
765, beq  : ICache  ITLB  ; 
766, bne  : ITLB  ; 
767, beq  : ICache  ITLB  ; 
768, sll  : ICache  ITLB  ; 
769, sll  : ICache  ITLB  ; 
770, sll  : ITLB  ; 
771, mult : ICache  ITLB  ; 
772, multu: ITLB  ; 
773, sub  : ICache  ITLB  ; 
774, jal  : ICache  ITLB  ; 
775, andi : ITLB  ; 
776, nori : ICache  ITLB  ; 
777, xor  : ICache  ITLB  ; 
778, addi : ICache  ITLB  ; 
779, addi : ITLB  ; 
780, addi : ICache  ITLB  ; 
781, slt  : ICache  ITLB  ; 
782, beq  : ICache  ITLB  ; 
783, bne  : ITLB  ; 
784, beq  : ICache  ITLB  ; 
785, sll  : ITLB  ; 
786, sll  : ICache  ITLB  ; 
787, sll  : ICache  ITLB  ; 
788, mult : ICache  ITLB  ; 
789, multu: ITLB  ; 
790, sub  : ICache  ITLB  ; 
791, jal  : ICache  ITLB  ; 
792, andi : ITLB  ; 
793, nori : ICache  ITLB  ; 
794, xor  : ICache  ITLB  ; 
795, addi : ICache  ITLB  ; 
796, addi : ITLB  ; 
797, addi : ICache  ITLB  ; 
798, slt  : ITLB  ; 
799, beq  : ICache  ITLB  ; 
800, bne  : ICache  ITLB  ; 
801, beq  : ICache  ITLB  ; 
802, sll  : ITLB  ; 
803, sll  : ICache  ITLB  ; 
804, sll  : ICache  ITLB  ; 
805, mult : ICache  ITLB  ; 
806, multu: ITLB  ; 
807, sub  : ICache  ITLB  ; 
808, jal  : ICache  ITLB  ; 
809, andi : ITLB  ; 
810, nori : ICache  ITLB  ; 
811, xor  : ITLB  ; 
812, addi : ICache  ITLB  ; 
813, addi : ICache  ITLB  ; 
814, addi : ICache  ITLB  ; 
815, slt  : ITLB  ; 
816, beq  : ICache  ITLB  ; 
817, bne  : ICache  ITLB  ; 
818, beq  : ICache  ITLB  ; 
819, sll  : ITLB  ; 
820, sll  : ICache  ITLB  ; 
821, sll  : ICache  ITLB  ; 
822, mult : ICache  ITLB  ; 
823, multu: ITLB  ; 
824, sub  : ICache  ITLB  ; 
825, jal  : ITLB  ; 
826, andi : ICache  ITLB  ; 
827, nori : ICache  ITLB  ; 
828, xor  : ITLB  ; 
829, addi : ICache  ITLB  ; 
830, addi : ICache  ITLB  ; 
831, addi : ICache  ITLB  ; 
832, slt  : ITLB  ; 
833, beq  : ICache  ITLB  ; 
834, bne  : ICache  ITLB  ; 
835, beq  : ICache  ITLB  ; 
836, sll  : ITLB  ; 
837, sll  : ICache  ITLB  ; 
838, sll  : ITLB  ; 
839, mult : ICache  ITLB  ; 
840, multu: ICache  ITLB  ; 
841, sub  : ICache  ITLB  ; 
842, jal  : ITLB  ; 
843, andi : ICache  ITLB  ; 
844, nori : ICache  ITLB  ; 
845, xor  : ITLB  ; 
846, addi : ICache  ITLB  ; 
847, addi : ICache  ITLB  ; 
848, addi : ICache  ITLB  ; 
849, slt  : ITLB  ; 
850, beq  : ICache  ITLB  ; 
851, bne  : ITLB  ; 
852, beq  : ICache  ITLB  ; 
853, sll  : ICache  ITLB  ; 
854, sll  : ICache  ITLB  ; 
855, sll  : ITLB  ; 
856, mult : ICache  ITLB  ; 
857, multu: ICache  ITLB  ; 
858, sub  : ICache  ITLB  ; 
859, jal  : ITLB  ; 
860, andi : ICache  ITLB  ; 
861, nori : ICache  ITLB  ; 
862, xor  : ITLB  ; 
863, addi : ICache  ITLB  ; 
864, addi : ITLB  ; 
865, addi : ICache  ITLB  ; 
866, slt  : ICache  ITLB  ; 
867, beq  : ICache  ITLB  ; 
868, bne  : ITLB  ; 
869, beq  : ICache  ITLB  ; 
870, sll  : ICache  ITLB  ; 
871, sll  : ICache  ITLB  ; 
872, sll  : ITLB  ; 
873, mult : ICache  ITLB  ; 
874, multu: ICache  ITLB  ; 
875, sub  : ICache  ITLB  ; 
876, jal  : ITLB  ; 
877, andi : ITLB  ; 
878, nori : ICache  ITLB  ; 
879, xor  : ICache  ITLB  ; 
880, addi : ICache  ITLB  ; 
881, addi : ITLB  ; 
882, addi : ICache  ITLB  ; 
883, slt  : ICache  ITLB  ; 
884, beq  : ICache  ITLB  ; 
885, bne  : ITLB  ; 
886, beq  : ICache  ITLB  ; 
887, sll  : ICache  ITLB  ; 
888, sll  : ICache  ITLB  ; 
889, sll  : ITLB  ; 
890, mult : ICache  ITLB  ; 
891, multu: ITLB  ; 
892, sub  : ICache  ITLB  ; 
893, jal  : ICache  ITLB  ; 
894, andi : ITLB  ; 
895, nori : ICache  ITLB  ; 
896, xor  : ICache  ITLB  ; 
897, addi : ICache  ITLB  ; 
898, addi : ITLB  ; 
899, addi : ICache  ITLB  ; 
900, slt  : ICache  ITLB  ; 
901, beq  : ICache  ITLB  ; 
902, bne  : ITLB  ; 
903, beq  : ICache  ITLB  ; 
904, sll  : ITLB  ; 
905, sll  : ICache  ITLB  ; 
906, sll  : ICache  ITLB  ; 
907, mult : ICache  ITLB  ; 
908, multu: ITLB  ; 
909, sub  : ICache  ITLB  ; 
910, jal  : ICache  ITLB  ; 
911, andi : ITLB  ; 
912, nori : ICache  ITLB  ; 
913, xor  : ICache  ITLB  ; 
914, addi : ICache  ITLB  ; 
915, addi : ITLB  ; 
916, addi : ICache  ITLB  ; 
917, slt  : ITLB  ; 
918, beq  : ICache  ITLB  ; 
919, bne  : ICache  ITLB  ; 
920, beq  : ICache  ITLB  ; 
921, sll  : ITLB  ; 
922, sll  : ICache  ITLB  ; 
923, sll  : ICache  ITLB  ; 
924, mult : ICache  ITLB  ; 
925, multu: ITLB  ; 
926, sub  : ICache  ITLB  ; 
927, jal  : ICache  ITLB  ; 
928, andi : ITLB  ; 
929, nori : ICache  ITLB  ; 
930, xor  : ITLB  ; 
931, addi : ICache  ITLB  ; 
932, addi : ICache  ITLB  ; 
933, addi : ICache  ITLB  ; 
934, slt  : ITLB  ; 
935, beq  : ICache  ITLB  ; 
936, bne  : ICache  ITLB  ; 
937, beq  : ICache  ITLB  ; 
938, sll  : ITLB  ; 
939, sll  : ICache  ITLB  ; 
940, sll  : ICache  ITLB  ; 
941, mult : ICache  ITLB  ; 
942, multu: ITLB  ; 
943, sub  : ICache  ITLB  ; 
944, jal  : ITLB  ; 
945, andi : ICache  ITLB  ; 
946, nori : ICache  ITLB  ; 
947, xor  : ITLB  ; 
948, addi : ICache  ITLB  ; 
949, addi : ICache  ITLB  ; 
950, addi : ICache  ITLB  ; 
951, slt  : ITLB  ; 
952, beq  : ICache  ITLB  ; 
953, bne  : ICache  ITLB  ; 
954, beq  : ICache  ITLB  ; 
955, sll  : ITLB  ; 
956, sll  : ICache  ITLB  ; 
957, sll  : ITLB  ; 
958, mult : ICache  ITLB  ; 
959, multu: ICache  ITLB  ; 
960, sub  : ICache  ITLB  ; 
961, jal  : ITLB  ; 
962, andi : ICache  ITLB  ; 
963, nori : ICache  ITLB  ; 
964, xor  : ITLB  ; 
965, addi : ICache  ITLB  ; 
966, addi : ICache  ITLB  ; 
967, addi : ICache  ITLB  ; 
968, slt  : ITLB  ; 
969, beq  : ICache  ITLB  ; 
970, bne  : ITLB  ; 
971, beq  : ICache  ITLB  ; 
972, sll  : ICache  ITLB  ; 
973, sll  : ICache  ITLB  ; 
974, sll  : ITLB  ; 
975, mult : ICache  ITLB  ; 
976, multu: ICache  ITLB  ; 
977, sub  : ICache  ITLB  ; 
978, jal  : ITLB  ; 
979, andi : ICache  ITLB  ; 
980, nori : ICache  ITLB  ; 
981, xor  : ITLB  ; 
982, addi : ICache  ITLB  ; 
983, addi : ITLB  ; 
984, addi : ICache  ITLB  ; 
985, slt  : ICache  ITLB  ; 
986, beq  : ICache  ITLB  ; 
987, bne  : ITLB  ; 
988, beq  : ICache  ITLB  ; 
989, sll  : ICache  ITLB  ; 
990, sll  : ICache  ITLB  ; 
991, sll  : ITLB  ; 
992, mult : ICache  ITLB  ; 
993, multu: ICache  ITLB  ; 
994, sub  : ICache  ITLB  ; 
995, jal  : ITLB  ; 
996, andi : ITLB  ; 
997, nori : ICache  ITLB  ; 
998, xor  : ICache  ITLB  ; 
999, addi : ICache  ITLB  ; 
1000, addi : ITLB  ; 
1001, addi : ICache  ITLB  ; 
1002, slt  : ICache  ITLB  ; 
1003, beq  : ICache  ITLB  ; 
1004, bne  : ITLB  ; 
1005, beq  : ICache  ITLB  ; 
1006, sll  : ICache  ITLB  ; 
1007, sll  : ICache  ITLB  ; 
1008, sll  : ITLB  ; 
1009, mult : ICache  ITLB  ; 
1010, multu: ITLB  ; 
1011, sub  : ICache  ITLB  ; 
1012, jal  : ICache  ITLB  ; 
1013, andi : ITLB  ; 
1014, nori : ICache  ITLB  ; 
1015, xor  : ICache  ITLB  ; 
1016, addi : ICache  ITLB  ; 
1017, addi : ITLB  ; 
1018, addi : ICache  ITLB  ; 
1019, slt  : ICache  ITLB  ; 
1020, beq  : ICache  ITLB  ; 
1021, bne  : ITLB  ; 
1022, beq  : ICache  ITLB  ; 
1023, sll  : ITLB  ; 
1024, sll  : ICache  ITLB  ; 
1025, sll  : ICache  ITLB  ; 
1026, mult : ICache  ITLB  ; 
1027, multu: ITLB  ; 
1028, sub  : ICache  ITLB  ; 
1029, jal  : ICache  ITLB  ; 
1030, andi : ITLB  ; 
1031, nori : ICache  ITLB  ; 
1032, xor  : ICache  ITLB  ; 
1033, addi : ICache  ITLB  ; 
1034, addi : ITLB  ; 
1035, addi : ICache  ITLB  ; 
1036, slt  : ITLB  ; 
1037, beq  : ICache  ITLB  ; 
1038, bne  : ICache  ITLB  ; 
1039, beq  : ICache  ITLB  ; 
1040, sll  : ITLB  ; 
1041, sll  : ICache  ITLB  ; 
1042, sll  : ICache  ITLB  ; 
1043, mult : ICache  ITLB  ; 
1044, multu: ITLB  ; 
1045, sub  : ICache  ITLB  ; 
1046, jal  : ICache  ITLB  ; 
1047, andi : ITLB  ; 
1048, nori : ICache  ITLB  ; 
1049, xor  : ITLB  ; 
1050, addi : ICache  ITLB  ; 
1051, addi : ICache  ITLB  ; 
1052, addi : ICache  ITLB  ; 
1053, slt  : ITLB  ; 
1054, beq  : ICache  ITLB  ; 
1055, bne  : ICache  ITLB  ; 
1056, beq  : ICache  ITLB  ; 
1057, sll  : ITLB  ; 
1058, sll  : ICache  ITLB  ; 
1059, sll  : ICache  ITLB  ; 
1060, mult : ICache  ITLB  ; 
1061, multu: ITLB  ; 
1062, sub  : ICache  ITLB  ; 
1063, jal  : ITLB  ; 
1064, andi : ICache  ITLB  ; 
1065, nori : ICache  ITLB  ; 
1066, xor  : ITLB  ; 
1067, addi : ICache  ITLB  ; 
1068, addi : ICache  ITLB  ; 
1069, addi : ICache  ITLB  ; 
1070, slt  : ITLB  ; 
1071, beq  : ICache  ITLB  ; 
1072, bne  : ICache  ITLB  ; 
1073, beq  : ICache  ITLB  ; 
1074, sll  : ITLB  ; 
1075, sll  : ICache  ITLB  ; 
1076, sll  : ITLB  ; 
1077, mult : ICache  ITLB  ; 
1078, multu: ICache  ITLB  ; 
1079, sub  : ICache  ITLB  ; 
1080, jal  : ITLB  ; 
1081, andi : ICache  ITLB  ; 
1082, nori : ICache  ITLB  ; 
1083, xor  : ITLB  ; 
1084, addi : ICache  ITLB  ; 
1085, addi : ICache  ITLB  ; 
1086, addi : ICache  ITLB  ; 
1087, slt  : ITLB  ; 
1088, beq  : ICache  ITLB  ; 
1089, bne  : ITLB  ; 
1090, beq  : ICache  ITLB  ; 
1091, sll  : ICache  ITLB  ; 
1092, sll  : ICache  ITLB  ; 
1093, sll  : ITLB  ; 
1094, mult : ICache  ITLB  ; 
1095, multu: ICache  ITLB  ; 
1096, sub  : ICache  ITLB  ; 
1097, jal  : ITLB  ; 
1098, andi : ICache  ITLB  ; 
1099, nori : ICache  ITLB  ; 
1100, xor  : ITLB  ; 
1101, addi : ICache  ITLB  ; 
1102, addi : ITLB  ; 
1103, addi : ICache  ITLB  ; 
1104, slt  : ICache  ITLB  ; 
1105, beq  : ICache  ITLB  ; 
1106, bne  : ITLB  ; 
1107, beq  : ICache  ITLB  ; 
1108, sll  : ICache  ITLB  ; 
1109, sll  : ICache  ITLB  ; 
1110, sll  : ITLB  ; 
1111, mult : ICache  ITLB  ; 
1112, multu: ICache  ITLB  ; 
1113, sub  : ICache  ITLB  ; 
1114, jal  : ITLB  ; 
1115, andi : ITLB  ; 
1116, nori : ICache  ITLB  ; 
1117, xor  : ICache  ITLB  ; 
1118, addi : ICache  ITLB  ; 
1119, addi : ITLB  ; 
1120, addi : ICache  ITLB  ; 
1121, slt  : ICache  ITLB  ; 
1122, beq  : ICache  ITLB  ; 
1123, bne  : ITLB  ; 
1124, beq  : ICache  ITLB  ; 
1125, sll  : ICache  ITLB  ; 
1126, sll  : ICache  ITLB  ; 
1127, sll  : ITLB  ; 
1128, mult : ICache  ITLB  ; 
1129, multu: ITLB  ; 
1130, sub  : ICache  ITLB  ; 
1131, jal  : ICache  ITLB  ; 
1132, andi : ITLB  ; 
1133, nori : ICache  ITLB  ; 
1134, xor  : ICache  ITLB  ; 
1135, addi : ICache  ITLB  ; 
1136, addi : ITLB  ; 
1137, addi : ICache  ITLB  ; 
1138, slt  : ICache  ITLB  ; 
1139, beq  : ICache  ITLB  ; 
1140, bne  : ITLB  ; 
1141, beq  : ICache  ITLB  ; 
1142, sll  : ITLB  ; 
1143, sll  : ICache  ITLB  ; 
1144, sll  : ICache  ITLB  ; 
1145, mult : ICache  ITLB  ; 
1146, multu: ITLB  ; 
1147, sub  : ICache  ITLB  ; 
1148, jal  : ICache  ITLB  ; 
1149, andi : ITLB  ; 
1150, nori : ICache  ITLB  ; 
1151, xor  : ICache  ITLB  ; 
1152, addi : ICache  ITLB  ; 
1153, addi : ITLB  ; 
1154, addi : ICache  ITLB  ; 
1155, slt  : ITLB  ; 
1156, beq  : ICache  ITLB  ; 
1157, bne  : ICache  ITLB  ; 
1158, beq  : ICache  ITLB  ; 
1159, sll  : ITLB  ; 
1160, sll  : ICache  ITLB  ; 
1161, sll  : ICache  ITLB  ; 
1162, mult : ICache  ITLB  ; 
1163, multu: ITLB  ; 
1164, sub  : ICache  ITLB  ; 
1165, jal  : ICache  ITLB  ; 
1166, andi : ITLB  ; 
1167, nori : ICache  ITLB  ; 
1168, xor  : ITLB  ; 
1169, addi : ICache  ITLB  ; 
1170, addi : ICache  ITLB  ; 
1171, addi : ICache  ITLB  ; 
1172, slt  : ITLB  ; 
1173, beq  : ICache  ITLB  ; 
1174, bne  : ICache  ITLB  ; 
1175, beq  : ICache  ITLB  ; 
1176, sll  : ITLB  ; 
1177, sll  : ICache  ITLB  ; 
1178, sll  : ICache  ITLB  ; 
1179, mult : ICache  ITLB  ; 
1180, multu: ITLB  ; 
1181, sub  : ICache  ITLB  ; 
1182, jal  : ITLB  ; 
1183, andi : ICache  ITLB  ; 
1184, nori : ICache  ITLB  ; 
1185, xor  : ITLB  ; 
1186, addi : ICache  ITLB  ; 
1187, addi : ICache  ITLB  ; 
1188, addi : ICache  ITLB  ; 
1189, slt  : ITLB  ; 
1190, beq  : ICache  ITLB  ; 
1191, bne  : ICache  ITLB  ; 
1192, beq  : ICache  ITLB  ; 
1193, sll  : ITLB  ; 
1194, sll  : ICache  ITLB  ; 
1195, sll  : ITLB  ; 
1196, mult : ICache  ITLB  ; 
1197, multu: ICache  ITLB  ; 
1198, sub  : ICache  ITLB  ; 
1199, jal  : ITLB  ; 
1200, andi : ICache  ITLB  ; 
1201, nori : ICache  ITLB  ; 
1202, xor  : ITLB  ; 
1203, addi : ICache  ITLB  ; 
1204, addi : ICache  ITLB  ; 
1205, addi : ICache  ITLB  ; 
1206, slt  : ITLB  ; 
1207, beq  : ICache  ITLB  ; 
1208, bne  : ITLB  ; 
1209, beq  : ICache  ITLB  ; 
1210, sll  : ICache  ITLB  ; 
1211, sll  : ICache  ITLB  ; 
1212, sll  : ITLB  ; 
1213, mult : ICache  ITLB  ; 
1214, multu: ICache  ITLB  ; 
1215, sub  : ICache  ITLB  ; 
1216, jal  : ITLB  ; 
1217, andi : ICache  ITLB  ; 
1218, nori : ICache  ITLB  ; 
1219, xor  : ITLB  ; 
1220, addi : ICache  ITLB  ; 
1221, addi : ITLB  ; 
1222, addi : ICache  ITLB  ; 
1223, slt  : ICache  ITLB  ; 
1224, beq  : ICache  ITLB  ; 
1225, bne  : ITLB  ; 
1226, beq  : ICache  ITLB  ; 
1227, sll  : ICache  ITLB  ; 
1228, sll  : ICache  ITLB  ; 
1229, sll  : ITLB  ; 
1230, mult : ICache  ITLB  ; 
1231, multu: ICache  ITLB  ; 
1232, sub  : ICache  ITLB  ; 
1233, jal  : ITLB  ; 
1234, andi : ITLB  ; 
1235, nori : ICache  ITLB  ; 
1236, xor  : ICache  ITLB  ; 
1237, addi : ICache  ITLB  ; 
1238, addi : ITLB  ; 
1239, addi : ICache  ITLB  ; 
1240, slt  : ICache  ITLB  ; 
1241, beq  : ICache  ITLB  ; 
1242, bne  : ITLB  ; 
1243, beq  : ICache  ITLB  ; 
1244, sll  : ICache  ITLB  ; 
1245, sll  : ICache  ITLB  ; 
1246, sll  : ITLB  ; 
1247, mult : ICache  ITLB  ; 
1248, multu: ITLB  ; 
1249, sub  : ICache  ITLB  ; 
1250, jal  : ICache  ITLB  ; 
1251, andi : ITLB  ; 
1252, nori : ICache  ITLB  ; 
1253, xor  : ICache  ITLB  ; 
1254, addi : ICache  ITLB  ; 
1255, addi : ITLB  ; 
1256, addi : ICache  ITLB  ; 
1257, slt  : ICache  ITLB  ; 
1258, beq  : ICache  ITLB  ; 
1259, bne  : ITLB  ; 
1260, beq  : ICache  ITLB  ; 
1261, sll  : ITLB  ; 
1262, sll  : ICache  ITLB  ; 
1263, sll  : ICache  ITLB  ; 
1264, mult : ICache  ITLB  ; 
1265, multu: ITLB  ; 
1266, sub  : ICache  ITLB  ; 
1267, jal  : ICache  ITLB  ; 
1268, andi : ITLB  ; 
1269, nori : ICache  ITLB  ; 
1270, xor  : ICache  ITLB  ; 
1271, addi : ICache  ITLB  ; 
1272, addi : ITLB  ; 
1273, addi : ICache  ITLB  ; 
1274, slt  : ITLB  ; 
1275, beq  : ICache  ITLB  ; 
1276, bne  : ICache  ITLB  ; 
1277, beq  : ICache  ITLB  ; 
1278, sll  : ITLB  ; 
1279, sll  : ICache  ITLB  ; 
1280, sll  : ICache  ITLB  ; 
1281, mult : ICache  ITLB  ; 
1282, multu: ITLB  ; 
1283, sub  : ICache  ITLB  ; 
1284, jal  : ICache  ITLB  ; 
1285, andi : ITLB  ; 
1286, nori : ICache  ITLB  ; 
1287, xor  : ITLB  ; 
1288, addi : ICache  ITLB  ; 
1289, addi : ICache  ITLB  ; 
1290, addi : ICache  ITLB  ; 
1291, slt  : ITLB  ; 
1292, beq  : ICache  ITLB  ; 
1293, bne  : ICache  ITLB  ; 
1294, beq  : ICache  ITLB  ; 
1295, sll  : ITLB  ; 
1296, sll  : ICache  ITLB  ; 
1297, sll  : ICache  ITLB  ; 
1298, mult : ICache  ITLB  ; 
1299, multu: ITLB  ; 
1300, sub  : ICache  ITLB  ; 
1301, jal  : ITLB  ; 
1302, andi : ICache  ITLB  ; 
1303, nori : ICache  ITLB  ; 
1304, xor  : ITLB  ; 
1305, addi : ICache  ITLB  ; 
1306, addi : ICache  ITLB  ; 
1307, addi : ICache  ITLB  ; 
1308, slt  : ITLB  ; 
1309, beq  : ICache  ITLB  ; 
1310, bne  : ICache  ITLB  ; 
1311, beq  : ICache  ITLB  ; 
1312, sll  : ITLB  ; 
1313, sll  : ICache  ITLB  ; 
1314, sll  : ITLB  ; 
1315, mult : ICache  ITLB  ; 
1316, multu: ICache  ITLB  ; 
1317, sub  : ICache  ITLB  ; 
1318, jal  : ITLB  ; 
1319, andi : ICache  ITLB  ; 
1320, nori : ICache  ITLB  ; 
1321, xor  : ITLB  ; 
1322, addi : ICache  ITLB  ; 
1323, addi : ICache  ITLB  ; 
1324, addi : ICache  ITLB  ; 
1325, slt  : ITLB  ; 
1326, beq  : ICache  ITLB  ; 
1327, bne  : ITLB  ; 
1328, beq  : ICache  ITLB  ; 
1329, sll  : ICache  ITLB  ; 
1330, sll  : ICache  ITLB  ; 
1331, sll  : ITLB  ; 
1332, mult : ICache  ITLB  ; 
1333, multu: ICache  ITLB  ; 
1334, sub  : ICache  ITLB  ; 
1335, jal  : ITLB  ; 
1336, andi : ICache  ITLB  ; 
1337, nori : ICache  ITLB  ; 
1338, xor  : ITLB  ; 
1339, addi : ICache  ITLB  ; 
1340, addi : ITLB  ; 
1341, addi : ICache  ITLB  ; 
1342, slt  : ICache  ITLB  ; 
1343, beq  : ICache  ITLB  ; 
1344, bne  : ITLB  ; 
1345, beq  : ICache  ITLB  ; 
1346, sll  : ICache  ITLB  ; 
1347, sll  : ICache  ITLB  ; 
1348, sll  : ITLB  ; 
1349, mult : ICache  ITLB  ; 
1350, multu: ICache  ITLB  ; 
1351, sub  : ICache  ITLB  ; 
1352, jal  : ITLB  ; 
1353, andi : ITLB  ; 
1354, nori : ICache  ITLB  ; 
1355, xor  : ICache  ITLB  ; 
1356, addi : ICache  ITLB  ; 
1357, addi : ITLB  ; 
1358, addi : ICache  ITLB  ; 
1359, slt  : ICache  ITLB  ; 
1360, beq  : ICache  ITLB  ; 
1361, bne  : ITLB  ; 
1362, beq  : ICache  ITLB  ; 
1363, sll  : ICache  ITLB  ; 
1364, sll  : ICache  ITLB  ; 
1365, sll  : ITLB  ; 
1366, mult : ICache  ITLB  ; 
1367, multu: ITLB  ; 
1368, sub  : ICache  ITLB  ; 
1369, jal  : ICache  ITLB  ; 
1370, andi : ITLB  ; 
1371, nori : ICache  ITLB  ; 
1372, xor  : ICache  ITLB  ; 
1373, addi : ICache  ITLB  ; 
1374, addi : ITLB  ; 
1375, addi : ICache  ITLB  ; 
1376, slt  : ICache  ITLB  ; 
1377, beq  : ICache  ITLB  ; 
1378, bne  : ITLB  ; 
1379, beq  : ICache  ITLB  ; 
1380, sll  : ITLB  ; 
1381, sll  : ICache  ITLB  ; 
1382, sll  : ICache  ITLB  ; 
1383, mult : ICache  ITLB  ; 
1384, multu: ITLB  ; 
1385, sub  : ICache  ITLB  ; 
1386, jal  : ICache  ITLB  ; 
1387, andi : ITLB  ; 
1388, nori : ICache  ITLB  ; 
1389, xor  : ICache  ITLB  ; 
1390, addi : ICache  ITLB  ; 
1391, addi : ITLB  ; 
1392, addi : ICache  ITLB  ; 
1393, slt  : ITLB  ; 
1394, beq  : ICache  ITLB  ; 
1395, bne  : ICache  ITLB  ; 
1396, beq  : ICache  ITLB  ; 
1397, sll  : ITLB  ; 
1398, sll  : ICache  ITLB  ; 
1399, sll  : ICache  ITLB  ; 
1400, mult : ICache  ITLB  ; 
1401, multu: ITLB  ; 
1402, sub  : ICache  ITLB  ; 
1403, jal  : ICache  ITLB  ; 
1404, andi : ITLB  ; 
1405, nori : ICache  ITLB  ; 
1406, xor  : ITLB  ; 
1407, addi : ICache  ITLB  ; 
1408, addi : ICache  ITLB  ; 
1409, addi : ICache  ITLB  ; 
1410, slt  : ITLB  ; 
1411, beq  : ICache  ITLB  ; 
1412, bne  : ICache  ITLB  ; 
1413, beq  : ICache  ITLB  ; 
1414, sll  : ITLB  ; 
1415, sll  : ICache  ITLB  ; 
1416, sll  : ICache  ITLB  ; 
1417, mult : ICache  ITLB  ; 
1418, multu: ITLB  ; 
1419, sub  : ICache  ITLB  ; 
1420, jal  : ITLB  ; 
1421, andi : ICache  ITLB  ; 
1422, nori : ICache  ITLB  ; 
1423, xor  : ITLB  ; 
1424, addi : ICache  ITLB  ; 
1425, addi : ICache  ITLB  ; 
1426, addi : ICache  ITLB  ; 
1427, slt  : ITLB  ; 
1428, beq  : ICache  ITLB  ; 
1429, bne  : ICache  ITLB  ; 
1430, beq  : ICache  ITLB  ; 
1431, sll  : ITLB  ; 
1432, sll  : ICache  ITLB  ; 
1433, sll  : ITLB  ; 
1434, mult : ICache  ITLB  ; 
1435, multu: ICache  ITLB  ; 
1436, sub  : ICache  ITLB  ; 
1437, jal  : ITLB  ; 
1438, andi : ICache  ITLB  ; 
1439, nori : ICache  ITLB  ; 
1440, xor  : ITLB  ; 
1441, addi : ICache  ITLB  ; 
1442, addi : ICache  ITLB  ; 
1443, addi : ICache  ITLB  ; 
1444, slt  : ITLB  ; 
1445, beq  : ICache  ITLB  ; 
1446, bne  : ITLB  ; 
1447, beq  : ICache  ITLB  ; 
1448, sll  : ICache  ITLB  ; 
1449, sll  : ICache  ITLB  ; 
1450, sll  : ITLB  ; 
1451, mult : ICache  ITLB  ; 
1452, multu: ICache  ITLB  ; 
1453, sub  : ICache  ITLB  ; 
1454, jal  : ITLB  ; 
1455, andi : ICache  ITLB  ; 
1456, nori : ICache  ITLB  ; 
1457, xor  : ITLB  ; 
1458, addi : ICache  ITLB  ; 
1459, addi : ITLB  ; 
1460, addi : ICache  ITLB  ; 
1461, slt  : ICache  ITLB  ; 
1462, beq  : ICache  ITLB  ; 
1463, bne  : ITLB  ; 
1464, beq  : ICache  ITLB  ; 
1465, sll  : ICache  ITLB  ; 
1466, sll  : ICache  ITLB  ; 
1467, sll  : ITLB  ; 
1468, mult : ICache  ITLB  ; 
1469, multu: ICache  ITLB  ; 
1470, sub  : ICache  ITLB  ; 
1471, jal  : ITLB  ; 
1472, andi : ITLB  ; 
1473, nori : ICache  ITLB  ; 
1474, xor  : ICache  ITLB  ; 
1475, addi : ICache  ITLB  ; 
1476, addi : ITLB  ; 
1477, addi : ICache  ITLB  ; 
1478, slt  : ICache  ITLB  ; 
1479, beq  : ICache  ITLB  ; 
1480, bne  : ITLB  ; 
1481, beq  : ICache  ITLB  ; 
1482, sll  : ICache  ITLB  ; 
1483, sll  : ICache  ITLB  ; 
1484, sll  : ITLB  ; 
1485, mult : ICache  ITLB  ; 
1486, multu: ITLB  ; 
1487, sub  : ICache  ITLB  ; 
1488, jal  : ICache  ITLB  ; 
1489, andi : ITLB  ; 
1490, nori : ICache  ITLB  ; 
1491, xor  : ICache  ITLB  ; 
1492, addi : ICache  ITLB  ; 
1493, addi : ITLB  ; 
1494, addi : ICache  ITLB  ; 
1495, slt  : ICache  ITLB  ; 
1496, beq  : ICache  ITLB  ; 
1497, bne  : ITLB  ; 
1498, beq  : ICache  ITLB  ; 
1499, sll  : ITLB  ; 
1500, sll  : ICache  ITLB  ; 
1501, sll  : ICache  ITLB  ; 
1502, mult : ICache  ITLB  ; 
1503, multu: ITLB  ; 
1504, sub  : ICache  ITLB  ; 
1505, jal  : ICache  ITLB  ; 
1506, andi : ITLB  ; 
1507, nori : ICache  ITLB  ; 
1508, xor  : ICache  ITLB  ; 
1509, addi : ICache  ITLB  ; 
1510, addi : ITLB  ; 
1511, addi : ICache  ITLB  ; 
1512, slt  : ITLB  ; 
1513, beq  : ICache  ITLB  ; 
1514, bne  : ICache  ITLB  ; 
1515, beq  : ICache  ITLB  ; 
1516, sll  : ITLB  ; 
1517, sll  : ICache  ITLB  ; 
1518, sll  : ICache  ITLB  ; 
1519, mult : ICache  ITLB  ; 
1520, multu: ITLB  ; 
1521, sub  : ICache  ITLB  ; 
1522, jal  : ICache  ITLB  ; 
1523, andi : ITLB  ; 
1524, nori : ICache  ITLB  ; 
1525, xor  : ITLB  ; 
1526, addi : ICache  ITLB  ; 
1527, addi : ICache  ITLB  ; 
1528, addi : ICache  ITLB  ; 
1529, slt  : ITLB  ; 
1530, beq  : ICache  ITLB  ; 
1531, bne  : ICache  ITLB  ; 
1532, beq  : ICache  ITLB  ; 
1533, sll  : ITLB  ; 
1534, sll  : ICache  ITLB  ; 
1535, sll  : ICache  ITLB  ; 
1536, mult : ICache  ITLB  ; 
1537, multu: ITLB  ; 
1538, sub  : ICache  ITLB  ; 
1539, jal  : ITLB  ; 
1540, andi : ICache  ITLB  ; 
1541, nori : ICache  ITLB  ; 
1542, xor  : ITLB  ; 
1543, addi : ICache  ITLB  ; 
1544, addi : ICache  ITLB  ; 
1545, addi : ICache  ITLB  ; 
1546, slt  : ITLB  ; 
1547, beq  : ICache  ITLB  ; 
1548, bne  : ICache  ITLB  ; 
1549, beq  : ICache  ITLB  ; 
1550, sll  : ITLB  ; 
1551, sll  : ICache  ITLB  ; 
1552, sll  : ITLB  ; 
1553, mult : ICache  ITLB  ; 
1554, multu: ICache  ITLB  ; 
1555, sub  : ICache  ITLB  ; 
1556, jal  : ITLB  ; 
1557, andi : ICache  ITLB  ; 
1558, nori : ICache  ITLB  ; 
1559, xor  : ITLB  ; 
1560, addi : ICache  ITLB  ; 
1561, addi : ICache  ITLB  ; 
1562, addi : ICache  ITLB  ; 
1563, slt  : ITLB  ; 
1564, beq  : ICache  ITLB  ; 
1565, bne  : ITLB  ; 
1566, beq  : ICache  ITLB  ; 
1567, sll  : ICache  ITLB  ; 
1568, sll  : ICache  ITLB  ; 
1569, sll  : ITLB  ; 
1570, mult : ICache  ITLB  ; 
1571, multu: ICache  ITLB  ; 
1572, sub  : ICache  ITLB  ; 
1573, jal  : ITLB  ; 
1574, andi : ICache  ITLB  ; 
1575, nori : ICache  ITLB  ; 
1576, xor  : ITLB  ; 
1577, addi : ICache  ITLB  ; 
1578, addi : ITLB  ; 
1579, addi : ICache  ITLB  ; 
1580, slt  : ICache  ITLB  ; 
1581, beq  : ICache  ITLB  ; 
1582, bne  : ITLB  ; 
1583, beq  : ICache  ITLB  ; 
1584, sll  : ICache  ITLB  ; 
1585, sll  : ICache  ITLB  ; 
1586, sll  : ITLB  ; 
1587, mult : ICache  ITLB  ; 
1588, multu: ICache  ITLB  ; 
1589, sub  : ICache  ITLB  ; 
1590, jal  : ITLB  ; 
1591, andi : ITLB  ; 
1592, nori : ICache  ITLB  ; 
1593, xor  : ICache  ITLB  ; 
1594, addi : ICache  ITLB  ; 
1595, addi : ITLB  ; 
1596, addi : ICache  ITLB  ; 
1597, slt  : ICache  ITLB  ; 
1598, beq  : ICache  ITLB  ; 
1599, bne  : ITLB  ; 
1600, beq  : ICache  ITLB  ; 
1601, sll  : ICache  ITLB  ; 
1602, sll  : ICache  ITLB  ; 
1603, sll  : ITLB  ; 
1604, mult : ICache  ITLB  ; 
1605, multu: ITLB  ; 
1606, sub  : ICache  ITLB  ; 
1607, jal  : ICache  ITLB  ; 
1608, andi : ITLB  ; 
1609, nori : ICache  ITLB  ; 
1610, xor  : ICache  ITLB  ; 
1611, addi : ICache  ITLB  ; 
1612, addi : ITLB  ; 
1613, addi : ICache  ITLB  ; 
1614, slt  : ICache  ITLB  ; 
1615, beq  : ICache  ITLB  ; 
1616, bne  : ITLB  ; 
1617, beq  : ICache  ITLB  ; 
1618, sll  : ITLB  ; 
1619, sll  : ICache  ITLB  ; 
1620, sll  : ICache  ITLB  ; 
1621, mult : ICache  ITLB  ; 
1622, multu: ITLB  ; 
1623, sub  : ICache  ITLB  ; 
1624, jal  : ICache  ITLB  ; 
1625, andi : ITLB  ; 
1626, nori : ICache  ITLB  ; 
1627, xor  : ICache  ITLB  ; 
1628, addi : ICache  ITLB  ; 
1629, addi : ITLB  ; 
1630, addi : ICache  ITLB  ; 
1631, slt  : ITLB  ; 
1632, beq  : ICache  ITLB  ; 
1633, bne  : ICache  ITLB  ; 
1634, beq  : ICache  ITLB  ; 
1635, sll  : ITLB  ; 
1636, sll  : ICache  ITLB  ; 
1637, sll  : ICache  ITLB  ; 
1638, mult : ICache  ITLB  ; 
1639, multu: ITLB  ; 
1640, sub  : ICache  ITLB  ; 
1641, jal  : ICache  ITLB  ; 
1642, andi : ITLB  ; 
1643, nori : ICache  ITLB  ; 
1644, xor  : ITLB  ; 
1645, addi : ICache  ITLB  ; 
1646, addi : ICache  ITLB  ; 
1647, addi : ICache  ITLB  ; 
1648, slt  : ITLB  ; 
1649, beq  : ICache  ITLB  ; 
1650, bne  : ICache  ITLB  ; 
1651, beq  : ICache  ITLB  ; 
1652, sll  : ITLB  ; 
1653, sll  : ICache  ITLB  ; 
1654, sll  : ICache  ITLB  ; 
1655, mult : ICache  ITLB  ; 
1656, multu: ITLB  ; 
1657, sub  : ICache  ITLB  ; 
1658, jal  : ITLB  ; 
1659, andi : ICache  ITLB  ; 
1660, nori : ICache  ITLB  ; 
1661, xor  : ITLB  ; 
1662, addi : ICache  ITLB  ; 
1663, addi : ICache  ITLB  ; 
1664, addi : ICache  ITLB  ; 
1665, slt  : ITLB  ; 
1666, beq  : ICache  ITLB  ; 
1667, bne  : ICache  ITLB  ; 
1668, beq  : ICache  ITLB  ; 
1669, sll  : ITLB  ; 
1670, sll  : ICache  ITLB  ; 
1671, sll  : ITLB  ; 
1672, mult : ICache  ITLB  ; 
1673, multu: ICache  ITLB  ; 
1674, sub  : ICache  ITLB  ; 
1675, jal  : ITLB  ; 
1676, andi : ICache  ITLB  ; 
1677, nori : ICache  ITLB  ; 
1678, xor  : ITLB  ; 
1679, addi : ICache  ITLB  ; 
1680, addi : ICache  ITLB  ; 
1681, addi : ICache  ITLB  ; 
1682, slt  : ITLB  ; 
1683, beq  : ICache  ITLB  ; 
1684, bne  : ITLB  ; 
1685, beq  : ICache  ITLB  ; 
1686, sll  : ICache  ITLB  ; 
1687, sll  : ICache  ITLB  ; 
1688, sll  : ITLB  ; 
1689, mult : ICache  ITLB  ; 
1690, multu: ICache  ITLB  ; 
1691, sub  : ICache  ITLB  ; 
1692, jal  : ITLB  ; 
1693, andi : ICache  ITLB  ; 
1694, nori : ICache  ITLB  ; 
1695, xor  : ITLB  ; 
1696, addi : ICache  ITLB  ; 
1697, addi : ITLB  ; 
1698, addi : ICache  ITLB  ; 
1699, slt  : ICache  ITLB  ; 
1700, beq  : ICache  ITLB  ; 
1701, bne  : ITLB  ; 
1702, beq  : ICache  ITLB  ; 
1703, sll  : ICache  ITLB  ; 
1704, sll  : ICache  ITLB  ; 
1705, sll  : ITLB  ; 
1706, mult : ICache  ITLB  ; 
1707, multu: ICache  ITLB  ; 
1708, sub  : ICache  ITLB  ; 
1709, jal  : ITLB  ; 
1710, andi : ITLB  ; 
1711, nori : ICache  ITLB  ; 
1712, xor  : ICache  ITLB  ; 
1713, addi : ICache  ITLB  ; 
1714, addi : ITLB  ; 
1715, addi : ICache  ITLB  ; 
1716, slt  : ICache  ITLB  ; 
1717, beq  : ICache  ITLB  ; 
1718, bne  : ITLB  ; 
1719, beq  : ICache  ITLB  ; 
1720, sll  : ICache  ITLB  ; 
1721, sll  : ICache  ITLB  ; 
1722, sll  : ITLB  ; 
1723, mult : ICache  ITLB  ; 
1724, multu: ITLB  ; 
1725, sub  : ICache  ITLB  ; 
1726, jal  : ICache  ITLB  ; 
1727, andi : ITLB  ; 
1728, nori : ICache  ITLB  ; 
1729, xor  : ICache  ITLB  ; 
1730, addi : ICache  ITLB  ; 
1731, addi : ITLB  ; 
1732, addi : ICache  ITLB  ; 
1733, slt  : ICache  ITLB  ; 
1734, beq  : ICache  ITLB  ; 
1735, bne  : ITLB  ; 
1736, beq  : ICache  ITLB  ; 
1737, sll  : ITLB  ; 
1738, sll  : ICache  ITLB  ; 
1739, sll  : ICache  ITLB  ; 
1740, mult : ICache  ITLB  ; 
1741, multu: ITLB  ; 
1742, sub  : ICache  ITLB  ; 
1743, jal  : ICache  ITLB  ; 
1744, andi : ITLB  ; 
1745, nori : ICache  ITLB  ; 
1746, xor  : ICache  ITLB  ; 
1747, addi : ICache  ITLB  ; 
1748, addi : ITLB  ; 
1749, addi : ICache  ITLB  ; 
1750, slt  : ITLB  ; 
1751, beq  : ICache  ITLB  ; 
1752, bne  : ICache  ITLB  ; 
1753, beq  : ICache  ITLB  ; 
1754, sll  : ITLB  ; 
1755, sll  : ICache  ITLB  ; 
1756, sll  : ICache  ITLB  ; 
1757, mult : ICache  ITLB  ; 
1758, multu: ITLB  ; 
1759, sub  : ICache  ITLB  ; 
1760, jal  : ICache  ITLB  ; 
1761, andi : ITLB  ; 
1762, nori : ICache  ITLB  ; 
1763, xor  : ITLB  ; 
1764, addi : ICache  ITLB  ; 
1765, addi : ICache  ITLB  ; 
1766, addi : ICache  ITLB  ; 
1767, slt  : ITLB  ; 
1768, beq  : ICache  ITLB  ; 
1769, bne  : ICache  ITLB  ; 
1770, beq  : ICache  ITLB  ; 
1771, sll  : ITLB  ; 
1772, sll  : ICache  ITLB  ; 
1773, sll  : ICache  ITLB  ; 
1774, mult : ICache  ITLB  ; 
1775, multu: ITLB  ; 
1776, sub  : ICache  ITLB  ; 
1777, jal  : ITLB  ; 
1778, andi : ICache  ITLB  ; 
1779, nori : ICache  ITLB  ; 
1780, xor  : ITLB  ; 
1781, addi : ICache  ITLB  ; 
1782, addi : ICache  ITLB  ; 
1783, addi : ICache  ITLB  ; 
1784, slt  : ITLB  ; 
1785, beq  : ICache  ITLB  ; 
1786, bne  : ICache  ITLB  ; 
1787, beq  : ICache  ITLB  ; 
1788, sll  : ITLB  ; 
1789, sll  : ICache  ITLB  ; 
1790, sll  : ITLB  ; 
1791, mult : ICache  ITLB  ; 
1792, multu: ICache  ITLB  ; 
1793, sub  : ICache  ITLB  ; 
1794, jal  : ITLB  ; 
1795, andi : ICache  ITLB  ; 
1796, nori : ICache  ITLB  ; 
1797, xor  : ITLB  ; 
1798, addi : ICache  ITLB  ; 
1799, addi : ICache  ITLB  ; 
1800, addi : ICache  ITLB  ; 
1801, slt  : ITLB  ; 
1802, beq  : ICache  ITLB  ; 
1803, bne  : ITLB  ; 
1804, beq  : ICache  ITLB  ; 
1805, sll  : ICache  ITLB  ; 
1806, sll  : ICache  ITLB  ; 
1807, sll  : ITLB  ; 
1808, mult : ICache  ITLB  ; 
1809, multu: ICache  ITLB  ; 
1810, sub  : ICache  ITLB  ; 
1811, jal  : ITLB  ; 
1812, andi : ICache  ITLB  ; 
1813, nori : ICache  ITLB  ; 
1814, xor  : ITLB  ; 
1815, addi : ICache  ITLB  ; 
1816, addi : ITLB  ; 
1817, addi : ICache  ITLB  ; 
1818, slt  : ICache  ITLB  ; 
1819, beq  : ICache  ITLB  ; 
1820, bne  : ITLB  ; 
1821, beq  : ICache  ITLB  ; 
1822, sll  : ICache  ITLB  ; 
1823, sll  : ICache  ITLB  ; 
1824, sll  : ITLB  ; 
1825, mult : ICache  ITLB  ; 
1826, multu: ICache  ITLB  ; 
1827, sub  : ICache  ITLB  ; 
1828, jal  : ITLB  ; 
1829, andi : ITLB  ; 
1830, nori : ICache  ITLB  ; 
1831, xor  : ICache  ITLB  ; 
1832, addi : ICache  ITLB  ; 
1833, addi : ITLB  ; 
1834, addi : ICache  ITLB  ; 
1835, slt  : ICache  ITLB  ; 
1836, beq  : ICache  ITLB  ; 
1837, bne  : ITLB  ; 
1838, beq  : ICache  ITLB  ; 
1839, sll  : ICache  ITLB  ; 
1840, sll  : ICache  ITLB  ; 
1841, sll  : ITLB  ; 
1842, mult : ICache  ITLB  ; 
1843, multu: ITLB  ; 
1844, sub  : ICache  ITLB  ; 
1845, jal  : ICache  ITLB  ; 
1846, andi : ITLB  ; 
1847, nori : ICache  ITLB  ; 
1848, xor  : ICache  ITLB  ; 
1849, addi : ICache  ITLB  ; 
1850, addi : ITLB  ; 
1851, addi : ICache  ITLB  ; 
1852, slt  : ICache  ITLB  ; 
1853, beq  : ICache  ITLB  ; 
1854, bne  : ITLB  ; 
1855, beq  : ICache  ITLB  ; 
1856, sll  : ITLB  ; 
1857, sll  : ICache  ITLB  ; 
1858, sll  : ICache  ITLB  ; 
1859, mult : ICache  ITLB  ; 
1860, multu: ITLB  ; 
1861, sub  : ICache  ITLB  ; 
1862, jal  : ICache  ITLB  ; 
1863, andi : ITLB  ; 
1864, nori : ICache  ITLB  ; 
1865, xor  : ICache  ITLB  ; 
1866, addi : ICache  ITLB  ; 
1867, addi : ITLB  ; 
1868, addi : ICache  ITLB  ; 
1869, slt  : ITLB  ; 
1870, beq  : ICache  ITLB  ; 
1871, bne  : ICache  ITLB  ; 
1872, beq  : ICache  ITLB  ; 
1873, sll  : ITLB  ; 
1874, sll  : ICache  ITLB  ; 
1875, sll  : ICache  ITLB  ; 
1876, mult : ICache  ITLB  ; 
1877, multu: ITLB  ; 
1878, sub  : ICache  ITLB  ; 
1879, jal  : ICache  ITLB  ; 
1880, andi : ITLB  ; 
1881, nori : ICache  ITLB  ; 
1882, xor  : ITLB  ; 
1883, addi : ICache  ITLB  ; 
1884, addi : ICache  ITLB  ; 
1885, addi : ICache  ITLB  ; 
1886, slt  : ITLB  ; 
1887, beq  : ICache  ITLB  ; 
1888, bne  : ICache  ITLB  ; 
1889, beq  : ICache  ITLB  ; 
1890, sll  : ITLB  ; 
1891, sll  : ICache  ITLB  ; 
1892, sll  : ICache  ITLB  ; 
1893, mult : ICache  ITLB  ; 
1894, multu: ITLB  ; 
1895, sub  : ICache  ITLB  ; 
1896, jal  : ITLB  ; 
1897, andi : ICache  ITLB  ; 
1898, nori : ICache  ITLB  ; 
1899, xor  : ITLB  ; 
1900, addi : ICache  ITLB  ; 
1901, addi : ICache  ITLB  ; 
1902, addi : ICache  ITLB  ; 
1903, slt  : ITLB  ; 
1904, beq  : ICache  ITLB  ; 
1905, bne  : ICache  ITLB  ; 
1906, beq  : ICache  ITLB  ; 
1907, sll  : ITLB  ; 
1908, sll  : ICache  ITLB  ; 
1909, sll  : ITLB  ; 
1910, mult : ICache  ITLB  ; 
1911, multu: ICache  ITLB  ; 
1912, sub  : ICache  ITLB  ; 
1913, jal  : ITLB  ; 
1914, andi : ICache  ITLB  ; 
1915, nori : ICache  ITLB  ; 
1916, xor  : ITLB  ; 
1917, addi : ICache  ITLB  ; 
1918, addi : ICache  ITLB  ; 
1919, addi : ICache  ITLB  ; 
1920, slt  : ITLB  ; 
1921, beq  : ICache  ITLB  ; 
1922, bne  : ITLB  ; 
1923, beq  : ICache  ITLB  ; 
1924, sll  : ICache  ITLB  ; 
1925, sll  : ICache  ITLB  ; 
1926, sll  : ITLB  ; 
1927, mult : ICache  ITLB  ; 
1928, multu: ICache  ITLB  ; 
1929, sub  : ICache  ITLB  ; 
1930, jal  : ITLB  ; 
1931, andi : ICache  ITLB  ; 
1932, nori : ICache  ITLB  ; 
1933, xor  : ITLB  ; 
1934, addi : ICache  ITLB  ; 
1935, addi : ITLB  ; 
1936, addi : ICache  ITLB  ; 
1937, slt  : ICache  ITLB  ; 
1938, beq  : ICache  ITLB  ; 
1939, bne  : ITLB  ; 
1940, beq  : ICache  ITLB  ; 
1941, sll  : ICache  ITLB  ; 
1942, sll  : ICache  ITLB  ; 
1943, sll  : ITLB  ; 
1944, mult : ICache  ITLB  ; 
1945, multu: ICache  ITLB  ; 
1946, sub  : ICache  ITLB  ; 
1947, jal  : ITLB  ; 
1948, andi : ITLB  ; 
1949, nori : ICache  ITLB  ; 
1950, xor  : ICache  ITLB  ; 
1951, addi : ICache  ITLB  ; 
1952, addi : ITLB  ; 
1953, addi : ICache  ITLB  ; 
1954, slt  : ICache  ITLB  ; 
1955, beq  : ICache  ITLB  ; 
1956, bne  : ITLB  ; 
1957, beq  : ICache  ITLB  ; 
1958, sll  : ICache  ITLB  ; 
1959, sll  : ICache  ITLB  ; 
1960, sll  : ITLB  ; 
1961, mult : ICache  ITLB  ; 
1962, multu: ITLB  ; 
1963, sub  : ICache  ITLB  ; 
1964, jal  : ICache  ITLB  ; 
1965, andi : ITLB  ; 
1966, nori : ICache  ITLB  ; 
1967, xor  : ICache  ITLB  ; 
1968, addi : ICache  ITLB  ; 
1969, addi : ITLB  ; 
1970, addi : ICache  ITLB  ; 
1971, slt  : ICache  ITLB  ; 
1972, beq  : ICache  ITLB  ; 
1973, bne  : ITLB  ; 
1974, beq  : ICache  ITLB  ; 
1975, sll  : ITLB  ; 
1976, sll  : ICache  ITLB  ; 
1977, sll  : ICache  ITLB  ; 
1978, mult : ICache  ITLB  ; 
1979, multu: ITLB  ; 
1980, sub  : ICache  ITLB  ; 
1981, jal  : ICache  ITLB  ; 
1982, andi : ITLB  ; 
1983, nori : ICache  ITLB  ; 
1984, xor  : ICache  ITLB  ; 
1985, addi : ICache  ITLB  ; 
1986, addi : ITLB  ; 
1987, addi : ICache  ITLB  ; 
1988, slt  : ITLB  ; 
1989, beq  : ICache  ITLB  ; 
1990, bne  : ICache  ITLB  ; 
1991, beq  : ICache  ITLB  ; 
1992, sll  : ITLB  ; 
1993, sll  : ICache  ITLB  ; 
1994, sll  : ICache  ITLB  ; 
1995, mult : ICache  ITLB  ; 
1996, multu: ITLB  ; 
1997, sub  : ICache  ITLB  ; 
1998, jal  : ICache  ITLB  ; 
1999, andi : ITLB  ; 
2000, nori : ICache  ITLB  ; 
2001, xor  : ITLB  ; 
2002, addi : ICache  ITLB  ; 
2003, addi : ICache  ITLB  ; 
2004, addi : ICache  ITLB  ; 
2005, slt  : ITLB  ; 
2006, beq  : ICache  ITLB  ; 
2007, bne  : ICache  ITLB  ; 
2008, beq  : ICache  ITLB  ; 
2009, sll  : ITLB  ; 
2010, sll  : ICache  ITLB  ; 
2011, sll  : ICache  ITLB  ; 
2012, mult : ICache  ITLB  ; 
2013, multu: ITLB  ; 
2014, sub  : ICache  ITLB  ; 
2015, jal  : ITLB  ; 
2016, andi : ICache  ITLB  ; 
2017, nori : ICache  ITLB  ; 
2018, xor  : ITLB  ; 
2019, addi : ICache  ITLB  ; 
2020, addi : ICache  ITLB  ; 
2021, addi : ICache  ITLB  ; 
2022, slt  : ITLB  ; 
2023, beq  : ICache  ITLB  ; 
2024, bne  : ICache  ITLB  ; 
2025, beq  : ICache  ITLB  ; 
2026, sll  : ITLB  ; 
2027, sll  : ICache  ITLB  ; 
2028, sll  : ITLB  ; 
2029, mult : ICache  ITLB  ; 
2030, multu: ICache  ITLB  ; 
2031, sub  : ICache  ITLB  ; 
2032, jal  : ITLB  ; 
2033, andi : ICache  ITLB  ; 
2034, nori : ICache  ITLB  ; 
2035, xor  : ITLB  ; 
2036, addi : ICache  ITLB  ; 
2037, addi : ICache  ITLB  ; 
2038, addi : ICache  ITLB  ; 
2039, slt  : ITLB  ; 
2040, beq  : ICache  ITLB  ; 
2041, bne  : ITLB  ; 
2042, beq  : ICache  ITLB  ; 
2043, sll  : ICache  ITLB  ; 
2044, sll  : ICache  ITLB  ; 
2045, sll  : ITLB  ; 
2046, mult : ICache  ITLB  ; 
2047, multu: ICache  ITLB  ; 
2048, sub  : ICache  ITLB  ; 
2049, jal  : ITLB  ; 
2050, andi : ICache  ITLB  ; 
2051, nori : ICache  ITLB  ; 
2052, xor  : ITLB  ; 
2053, addi : ICache  ITLB  ; 
2054, addi : ITLB  ; 
2055, addi : ICache  ITLB  ; 
2056, slt  : ICache  ITLB  ; 
2057, beq  : ICache  ITLB  ; 
2058, bne  : ITLB  ; 
2059, beq  : ICache  ITLB  ; 
2060, sll  : ICache  ITLB  ; 
2061, sll  : ICache  ITLB  ; 
2062, sll  : ITLB  ; 
2063, mult : ICache  ITLB  ; 
2064, multu: ICache  ITLB  ; 
2065, sub  : ICache  ITLB  ; 
2066, jal  : ITLB  ; 
2067, andi : ITLB  ; 
2068, nori : ICache  ITLB  ; 
2069, xor  : ICache  ITLB  ; 
2070, addi : ICache  ITLB  ; 
2071, addi : ITLB  ; 
2072, addi : ICache  ITLB  ; 
2073, slt  : ICache  ITLB  ; 
2074, beq  : ICache  ITLB  ; 
2075, bne  : ITLB  ; 
2076, beq  : ICache  ITLB  ; 
2077, sll  : ICache  ITLB  ; 
2078, sll  : ICache  ITLB  ; 
2079, sll  : ITLB  ; 
2080, mult : ICache  ITLB  ; 
2081, multu: ITLB  ; 
2082, sub  : ICache  ITLB  ; 
2083, jal  : ICache  ITLB  ; 
2084, andi : ITLB  ; 
2085, nori : ICache  ITLB  ; 
2086, xor  : ICache  ITLB  ; 
2087, addi : ICache  ITLB  ; 
2088, addi : ITLB  ; 
2089, addi : ICache  ITLB  ; 
2090, slt  : ICache  ITLB  ; 
2091, beq  : ICache  ITLB  ; 
2092, bne  : ITLB  ; 
2093, beq  : ICache  ITLB  ; 
2094, sll  : ITLB  ; 
2095, sll  : ICache  ITLB  ; 
2096, sll  : ICache  ITLB  ; 
2097, mult : ICache  ITLB  ; 
2098, multu: ITLB  ; 
2099, sub  : ICache  ITLB  ; 
2100, jal  : ICache  ITLB  ; 
2101, andi : ITLB  ; 
2102, nori : ICache  ITLB  ; 
2103, xor  : ICache  ITLB  ; 
2104, addi : ICache  ITLB  ; 
2105, addi : ITLB  ; 
2106, addi : ICache  ITLB  ; 
2107, slt  : ITLB  ; 
2108, beq  : ICache  ITLB  ; 
2109, bne  : ICache  ITLB  ; 
2110, beq  : ICache  ITLB  ; 
2111, sll  : ITLB  ; 
2112, sll  : ICache  ITLB  ; 
2113, sll  : ICache  ITLB  ; 
2114, mult : ICache  ITLB  ; 
2115, multu: ITLB  ; 
2116, sub  : ICache  ITLB  ; 
2117, jal  : ICache  ITLB  ; 
2118, andi : ITLB  ; 
2119, nori : ICache  ITLB  ; 
2120, xor  : ITLB  ; 
2121, addi : ICache  ITLB  ; 
2122, addi : ICache  ITLB  ; 
2123, addi : ICache  ITLB  ; 
2124, slt  : ITLB  ; 
2125, beq  : ICache  ITLB  ; 
2126, bne  : ICache  ITLB  ; 
2127, beq  : ICache  ITLB  ; 
2128, sll  : ITLB  ; 
2129, sll  : ICache  ITLB  ; 
2130, sll  : ICache  ITLB  ; 
2131, mult : ICache  ITLB  ; 
2132, multu: ITLB  ; 
2133, sub  : ICache  ITLB  ; 
2134, jal  : ITLB  ; 
2135, andi : ICache  ITLB  ; 
2136, nori : ICache  ITLB  ; 
2137, xor  : ITLB  ; 
2138, addi : ICache  ITLB  ; 
2139, addi : ICache  ITLB  ; 
2140, addi : ICache  ITLB  ; 
2141, slt  : ITLB  ; 
2142, beq  : ICache  ITLB  ; 
2143, bne  : ICache  ITLB  ; 
2144, beq  : ICache  ITLB  ; 
2145, sll  : ITLB  ; 
2146, sll  : ICache  ITLB  ; 
2147, sll  : ITLB  ; 
2148, mult : ICache  ITLB  ; 
2149, multu: ICache  ITLB  ; 
2150, sub  : ICache  ITLB  ; 
2151, jal  : ITLB  ; 
2152, andi : ICache  ITLB  ; 
2153, nori : ICache  ITLB  ; 
2154, xor  : ITLB  ; 
2155, addi : ICache  ITLB  ; 
2156, addi : ICache  ITLB  ; 
2157, addi : ICache  ITLB  ; 
2158, slt  : ITLB  ; 
2159, beq  : ICache  ITLB  ; 
2160, bne  : ITLB  ; 
2161, beq  : ICache  ITLB  ; 
2162, sll  : ICache  ITLB  ; 
2163, sll  : ICache  ITLB  ; 
2164, sll  : ITLB  ; 
2165, mult : ICache  ITLB  ; 
2166, multu: ICache  ITLB  ; 
2167, sub  : ICache  ITLB  ; 
2168, jal  : ITLB  ; 
2169, andi : ICache  ITLB  ; 
2170, nori : ICache  ITLB  ; 
2171, xor  : ITLB  ; 
2172, addi : ICache  ITLB  ; 
2173, addi : ITLB  ; 
2174, addi : ICache  ITLB  ; 
2175, slt  : ICache  ITLB  ; 
2176, beq  : ICache  ITLB  ; 
2177, bne  : ITLB  ; 
2178, beq  : ICache  ITLB  ; 
2179, sll  : ICache  ITLB  ; 
2180, sll  : ICache  ITLB  ; 
2181, sll  : ITLB  ; 
2182, mult : ICache  ITLB  ; 
2183, multu: ICache  ITLB  ; 
2184, sub  : ICache  ITLB  ; 
2185, jal  : ITLB  ; 
2186, andi : ITLB  ; 
2187, nori : ICache  ITLB  ; 
2188, xor  : ICache  ITLB  ; 
2189, addi : ICache  ITLB  ; 
2190, addi : ITLB  ; 
2191, addi : ICache  ITLB  ; 
2192, slt  : ICache  ITLB  ; 
2193, beq  : ICache  ITLB  ; 
2194, bne  : ITLB  ; 
2195, beq  : ICache  ITLB  ; 
2196, sll  : ICache  ITLB  ; 
2197, sll  : ICache  ITLB  ; 
2198, sll  : ITLB  ; 
2199, mult : ICache  ITLB  ; 
2200, multu: ITLB  ; 
2201, sub  : ICache  ITLB  ; 
2202, jal  : ICache  ITLB  ; 
2203, andi : ITLB  ; 
2204, nori : ICache  ITLB  ; 
2205, xor  : ICache  ITLB  ; 
2206, addi : ICache  ITLB  ; 
2207, addi : ITLB  ; 
2208, addi : ICache  ITLB  ; 
2209, slt  : ICache  ITLB  ; 
2210, beq  : ICache  ITLB  ; 
2211, bne  : ITLB  ; 
2212, beq  : ICache  ITLB  ; 
2213, sll  : ITLB  ; 
2214, sll  : ICache  ITLB  ; 
2215, sll  : ICache  ITLB  ; 
2216, mult : ICache  ITLB  ; 
2217, multu: ITLB  ; 
2218, sub  : ICache  ITLB  ; 
2219, jal  : ICache  ITLB  ; 
2220, andi : ITLB  ; 
2221, nori : ICache  ITLB  ; 
2222, xor  : ICache  ITLB  ; 
2223, addi : ICache  ITLB  ; 
2224, addi : ITLB  ; 
2225, addi : ICache  ITLB  ; 
2226, slt  : ITLB  ; 
2227, beq  : ICache  ITLB  ; 
2228, bne  : ICache  ITLB  ; 
2229, beq  : ICache  ITLB  ; 
2230, sll  : ITLB  ; 
2231, sll  : ICache  ITLB  ; 
2232, sll  : ICache  ITLB  ; 
2233, mult : ICache  ITLB  ; 
2234, multu: ITLB  ; 
2235, sub  : ICache  ITLB  ; 
2236, jal  : ICache  ITLB  ; 
2237, andi : ITLB  ; 
2238, nori : ICache  ITLB  ; 
2239, xor  : ITLB  ; 
2240, addi : ICache  ITLB  ; 
2241, addi : ICache  ITLB  ; 
2242, addi : ICache  ITLB  ; 
2243, slt  : ITLB  ; 
2244, beq  : ICache  ITLB  ; 
2245, bne  : ICache  ITLB  ; 
2246, beq  : ICache  ITLB  ; 
2247, sll  : ITLB  ; 
2248, sll  : ICache  ITLB  ; 
2249, sll  : ICache  ITLB  ; 
2250, mult : ICache  ITLB  ; 
2251, multu: ITLB  ; 
2252, sub  : ICache  ITLB  ; 
2253, jal  : ITLB  ; 
2254, andi : ICache  ITLB  ; 
2255, nori : ICache  ITLB  ; 
2256, xor  : ITLB  ; 
2257, addi : ICache  ITLB  ; 
2258, addi : ICache  ITLB  ; 
2259, addi : ICache  ITLB  ; 
2260, slt  : ITLB  ; 
2261, beq  : ICache  ITLB  ; 
2262, bne  : ICache  ITLB  ; 
2263, beq  : ICache  ITLB  ; 
2264, sll  : ITLB  ; 
2265, sll  : ICache  ITLB  ; 
2266, sll  : ITLB  ; 
2267, mult : ICache  ITLB  ; 
2268, multu: ICache  ITLB  ; 
2269, sub  : ICache  ITLB  ; 
2270, jal  : ITLB  ; 
2271, andi : ICache  ITLB  ; 
2272, nori : ICache  ITLB  ; 
2273, xor  : ITLB  ; 
2274, addi : ICache  ITLB  ; 
2275, addi : ICache  ITLB  ; 
2276, addi : ICache  ITLB  ; 
2277, slt  : ITLB  ; 
2278, beq  : ICache  ITLB  ; 
2279, bne  : ITLB  ; 
2280, beq  : ICache  ITLB  ; 
2281, sll  : ICache  ITLB  ; 
2282, sll  : ICache  ITLB  ; 
2283, sll  : ITLB  ; 
2284, mult : ICache  ITLB  ; 
2285, multu: ICache  ITLB  ; 
2286, sub  : ICache  ITLB  ; 
2287, jal  : ITLB  ; 
2288, andi : ICache  ITLB  ; 
2289, nori : ICache  ITLB  ; 
2290, xor  : ITLB  ; 
2291, addi : ICache  ITLB  ; 
2292, addi : ITLB  ; 
2293, addi : ICache  ITLB  ; 
2294, slt  : ICache  ITLB  ; 
2295, beq  : ICache  ITLB  ; 
2296, bne  : ITLB  ; 
2297, beq  : ICache  ITLB  ; 
2298, sll  : ICache  ITLB  ; 
2299, sll  : ICache  ITLB  ; 
2300, sll  : ITLB  ; 
2301, mult : ICache  ITLB  ; 
2302, multu: ICache  ITLB  ; 
2303, sub  : ICache  ITLB  ; 
2304, jal  : ITLB  ; 
2305, andi : ITLB  ; 
2306, nori : ICache  ITLB  ; 
2307, xor  : ICache  ITLB  ; 
2308, addi : ICache  ITLB  ; 
2309, addi : ITLB  ; 
2310, addi : ICache  ITLB  ; 
2311, slt  : ICache  ITLB  ; 
2312, beq  : ICache  ITLB  ; 
2313, bne  : ITLB  ; 
2314, beq  : ICache  ITLB  ; 
2315, sll  : ICache  ITLB  ; 
2316, sll  : ICache  ITLB  ; 
2317, sll  : ITLB  ; 
2318, mult : ICache  ITLB  ; 
2319, multu: ITLB  ; 
2320, sub  : ICache  ITLB  ; 
2321, jal  : ICache  ITLB  ; 
2322, andi : ITLB  ; 
2323, nori : ICache  ITLB  ; 
2324, xor  : ICache  ITLB  ; 
2325, addi : ICache  ITLB  ; 
2326, addi : ITLB  ; 
2327, addi : ICache  ITLB  ; 
2328, slt  : ICache  ITLB  ; 
2329, beq  : ICache  ITLB  ; 
2330, bne  : ITLB  ; 
2331, beq  : ICache  ITLB  ; 
2332, sll  : ITLB  ; 
2333, sll  : ICache  ITLB  ; 
2334, sll  : ICache  ITLB  ; 
2335, mult : ICache  ITLB  ; 
2336, multu: ITLB  ; 
2337, sub  : ICache  ITLB  ; 
2338, jal  : ICache  ITLB  ; 
2339, andi : ITLB  ; 
2340, nori : ICache  ITLB  ; 
2341, xor  : ICache  ITLB  ; 
2342, addi : ICache  ITLB  ; 
2343, addi : ITLB  ; 
2344, addi : ICache  ITLB  ; 
2345, slt  : ITLB  ; 
2346, beq  : ICache  ITLB  ; 
2347, bne  : ICache  ITLB  ; 
2348, beq  : ICache  ITLB  ; 
2349, sll  : ITLB  ; 
2350, sll  : ICache  ITLB  ; 
2351, sll  : ICache  ITLB  ; 
2352, mult : ICache  ITLB  ; 
2353, multu: ITLB  ; 
2354, sub  : ICache  ITLB  ; 
2355, jal  : ICache  ITLB  ; 
2356, andi : ITLB  ; 
2357, nori : ICache  ITLB  ; 
2358, xor  : ITLB  ; 
2359, addi : ICache  ITLB  ; 
2360, addi : ICache  ITLB  ; 
2361, addi : ICache  ITLB  ; 
2362, slt  : ITLB  ; 
2363, beq  : ICache  ITLB  ; 
2364, bne  : ICache  ITLB  ; 
2365, beq  : ICache  ITLB  ; 
2366, sll  : ITLB  ; 
2367, sll  : ICache  ITLB  ; 
2368, sll  : ICache  ITLB  ; 
2369, mult : ICache  ITLB  ; 
2370, multu: ITLB  ; 
2371, sub  : ICache  ITLB  ; 
2372, jal  : ITLB  ; 
2373, andi : ICache  ITLB  ; 
2374, nori : ICache  ITLB  ; 
2375, xor  : ITLB  ; 
2376, addi : ICache  ITLB  ; 
2377, addi : ICache  ITLB  ; 
2378, addi : ICache  ITLB  ; 
2379, slt  : ITLB  ; 
2380, beq  : ICache  ITLB  ; 
2381, bne  : ICache  ITLB  ; 
2382, beq  : ICache  ITLB  ; 
2383, sll  : ITLB  ; 
2384, sll  : ICache  ITLB  ; 
2385, sll  : ITLB  ; 
2386, mult : ICache  ITLB  ; 
2387, multu: ICache  ITLB  ; 
2388, sub  : ICache  ITLB  ; 
2389, jal  : ITLB  ; 
2390, andi : ICache  ITLB  ; 
2391, nori : ICache  ITLB  ; 
2392, xor  : ITLB  ; 
2393, addi : ICache  ITLB  ; 
2394, addi : ICache  ITLB  ; 
2395, addi : ICache  ITLB  ; 
2396, slt  : ITLB  ; 
2397, beq  : ICache  ITLB  ; 
2398, bne  : ITLB  ; 
2399, beq  : ICache  ITLB  ; 
2400, sll  : ICache  ITLB  ; 
2401, sll  : ICache  ITLB  ; 
2402, sll  : ITLB  ; 
2403, mult : ICache  ITLB  ; 
2404, multu: ICache  ITLB  ; 
2405, sub  : ICache  ITLB  ; 
2406, jal  : ITLB  ; 
2407, andi : ICache  ITLB  ; 
2408, nori : ICache  ITLB  ; 
2409, xor  : ITLB  ; 
2410, addi : ICache  ITLB  ; 
2411, addi : ITLB  ; 
2412, addi : ICache  ITLB  ; 
2413, slt  : ICache  ITLB  ; 
2414, beq  : ICache  ITLB  ; 
2415, bne  : ITLB  ; 
2416, beq  : ICache  ITLB  ; 
2417, sll  : ICache  ITLB  ; 
2418, sll  : ICache  ITLB  ; 
2419, sll  : ITLB  ; 
2420, mult : ICache  ITLB  ; 
2421, multu: ICache  ITLB  ; 
2422, sub  : ICache  ITLB  ; 
2423, jal  : ITLB  ; 
2424, andi : ITLB  ; 
2425, nori : ICache  ITLB  ; 
2426, xor  : ICache  ITLB  ; 
2427, addi : ICache  ITLB  ; 
2428, addi : ITLB  ; 
2429, addi : ICache  ITLB  ; 
2430, slt  : ICache  ITLB  ; 
2431, beq  : ICache  ITLB  ; 
2432, bne  : ITLB  ; 
2433, beq  : ICache  ITLB  ; 
2434, sll  : ICache  ITLB  ; 
2435, sll  : ICache  ITLB  ; 
2436, sll  : ITLB  ; 
2437, mult : ICache  ITLB  ; 
2438, multu: ITLB  ; 
2439, sub  : ICache  ITLB  ; 
2440, jal  : ICache  ITLB  ; 
2441, andi : ITLB  ; 
2442, nori : ICache  ITLB  ; 
2443, xor  : ICache  ITLB  ; 
2444, addi : ICache  ITLB  ; 
2445, addi : ITLB  ; 
2446, addi : ICache  ITLB  ; 
2447, slt  : ICache  ITLB  ; 
2448, beq  : ICache  ITLB  ; 
2449, bne  : ITLB  ; 
2450, beq  : ICache  ITLB  ; 
2451, sll  : ITLB  ; 
2452, sll  : ICache  ITLB  ; 
2453, sll  : ICache  ITLB  ; 
2454, mult : ICache  ITLB  ; 
2455, multu: ITLB  ; 
2456, sub  : ICache  ITLB  ; 
2457, jal  : ICache  ITLB  ; 
2458, andi : ITLB  ; 
2459, nori : ICache  ITLB  ; 
2460, xor  : ICache  ITLB  ; 
2461, addi : ICache  ITLB  ; 
2462, addi : ITLB  ; 
2463, addi : ICache  ITLB  ; 
2464, slt  : ITLB  ; 
2465, beq  : ICache  ITLB  ; 
2466, bne  : ICache  ITLB  ; 
2467, beq  : ICache  ITLB  ; 
2468, sll  : ITLB  ; 
2469, sll  : ICache  ITLB  ; 
2470, sll  : ICache  ITLB  ; 
2471, mult : ICache  ITLB  ; 
2472, multu: ITLB  ; 
2473, sub  : ICache  ITLB  ; 
2474, jal  : ICache  ITLB  ; 
2475, andi : ITLB  ; 
2476, nori : ICache  ITLB  ; 
2477, xor  : ITLB  ; 
2478, addi : ICache  ITLB  ; 
2479, addi : ICache  ITLB  ; 
2480, addi : ICache  ITLB  ; 
2481, slt  : ITLB  ; 
2482, beq  : ICache  ITLB  ; 
2483, bne  : ICache  ITLB  ; 
2484, beq  : ICache  ITLB  ; 
2485, sll  : ITLB  ; 
2486, sll  : ICache  ITLB  ; 
2487, sll  : ICache  ITLB  ; 
2488, mult : ICache  ITLB  ; 
2489, multu: ITLB  ; 
2490, sub  : ICache  ITLB  ; 
2491, jal  : ITLB  ; 
2492, andi : ICache  ITLB  ; 
2493, nori : ICache  ITLB  ; 
2494, xor  : ITLB  ; 
2495, addi : ICache  ITLB  ; 
2496, addi : ICache  ITLB  ; 
2497, addi : ICache  ITLB  ; 
2498, slt  : ITLB  ; 
2499, beq  : ICache  ITLB  ; 
2500, bne  : ICache  ITLB  ; 
2501, beq  : ICache  ITLB  ; 
2502, sll  : ITLB  ; 
2503, sll  : ICache  ITLB  ; 
2504, sll  : ITLB  ; 
2505, mult : ICache  ITLB  ; 
2506, multu: ICache  ITLB  ; 
2507, sub  : ICache  ITLB  ; 
2508, jal  : ITLB  ; 
2509, andi : ICache  ITLB  ; 
2510, nori : ICache  ITLB  ; 
2511, xor  : ITLB  ; 
2512, addi : ICache  ITLB  ; 
2513, addi : ICache  ITLB  ; 
2514, addi : ICache  ITLB  ; 
2515, slt  : ITLB  ; 
2516, beq  : ICache  ITLB  ; 
2517, bne  : ITLB  ; 
2518, beq  : ICache  ITLB  ; 
2519, sll  : ICache  ITLB  ; 
2520, sll  : ICache  ITLB  ; 
2521, sll  : ITLB  ; 
2522, mult : ICache  ITLB  ; 
2523, multu: ICache  ITLB  ; 
2524, sub  : ICache  ITLB  ; 
2525, jal  : ITLB  ; 
2526, andi : ICache  ITLB  ; 
2527, nori : ICache  ITLB  ; 
2528, xor  : ITLB  ; 
2529, addi : ICache  ITLB  ; 
2530, addi : ITLB  ; 
2531, addi : ICache  ITLB  ; 
2532, slt  : ICache  ITLB  ; 
2533, beq  : ICache  ITLB  ; 
2534, bne  : ITLB  ; 
2535, beq  : ICache  ITLB  ; 
2536, sll  : ICache  ITLB  ; 
2537, sll  : ICache  ITLB  ; 
2538, sll  : ITLB  ; 
2539, mult : ICache  ITLB  ; 
2540, multu: ICache  ITLB  ; 
2541, sub  : ICache  ITLB  ; 
2542, jal  : ITLB  ; 
2543, andi : ITLB  ; 
2544, nori : ICache  ITLB  ; 
2545, xor  : ICache  ITLB  ; 
2546, addi : ICache  ITLB  ; 
2547, addi : ITLB  ; 
2548, addi : ICache  ITLB  ; 
2549, slt  : ICache  ITLB  ; 
2550, beq  : ICache  ITLB  ; 
2551, lbu  : Disk  ;  Disk 
2552, lb   : ITLB  ;  DCache  DTLB 
2553, sb   : ITLB  ;  DCache  DTLB 
2554, lb   : ITLB  ;  DCache  DTLB 
2555, lw   : ITLB  ;  Disk 
2556, sll  : ITLB  ; 
2557, lb   : ITLB  ;  Disk 
2558, lw   : ITLB  ;  Disk 
2559, lhu  : ITLB  ;  Disk 
2560, sh   : ITLB  ;  Disk 
2561, lbu  : ITLB  ;  Disk 
2562, lb   : ITLB  ;  DPageTable  Disk 
2563, sb   : ITLB  ;  DTLB 
2564, sh   : ITLB  ;  DTLB 
2565, lbu  : ITLB  ;  DPageTable  Disk 
2566, lbu  : ITLB  ;  DPageTable  Disk 
2567, sh   : ITLB  ;  DPageTable  Disk 
2568, sb   : ITLB  ;  DCache  DTLB 
2569, lhu  : ITLB  ;  DPageTable  Disk 
2570, lh   : ITLB  ;  DPageTable  Disk 
2571, lw   : ITLB  ;  Disk 
2572, lbu  : ITLB  ;  DPageTable  Disk 
2573, lb   : ITLB  ;  Disk 
2574, lhu  : ITLB  ;  DTLB 
2575, lw   : ITLB  ;  DTLB 
2576, sw   : ITLB  ;  DTLB 
2577, lhu  : ITLB  ;  DPageTable  Disk 
2578, lb   : ITLB  ;  DTLB 
2579, sb   : ITLB  ;  DTLB 
2580, sh   : Disk  ;  DPageTable  Disk 
2581, lhu  : ITLB  ;  DPageTable  Disk 
2582, lb   : ITLB  ;  DPageTable  Disk 
2583, lw   : ITLB  ;  DPageTable  Disk 
2584, lb   : ITLB  ;  Disk 
2585, lhu  : ITLB  ;  DPageTable  Disk 
2586, sw   : ITLB  ;  DPageTable  Disk 
2587, sh   : ITLB  ;  DPageTable  Disk 
2588, lhu  : ITLB  ;  DPageTable  Disk 
2589, lw   : ITLB  ;  DPageTable  Disk 
2590, sh   : ITLB  ;  DTLB 
2591, lb   : ITLB  ;  Disk 
2592, lw   : ITLB  ;  DPageTable  Disk 
2593, lh   : ITLB  ;  Disk 
2594, sb   : ITLB  ;  DPageTable  Disk 
2595, lbu  : ITLB  ;  Disk 
2596, lw   : ITLB  ;  DTLB 
2597, lh   : ITLB  ;  DPageTable  Disk 
2598, sw   : ITLB  ;  DTLB 
2599, lh   : ITLB  ;  DPageTable  Disk 
2600, lh   : ITLB  ;  DTLB 
2601, sh   : ITLB  ;  DPageTable  Disk 
2602, sb   : ITLB  ;  DPageTable  Disk 
2603, lh   : ITLB  ;  DTLB 
2604, sh   : ITLB  ;  DPageTable  Disk 
2605, lhu  : ITLB  ;  DPageTable  Disk 
2606, sb   : ITLB  ;  DTLB 
2607, sw   : ITLB  ;  DPageTable  Disk 
2608, lb   : ITLB  ;  DPageTable  Disk 
2609, lh   : ITLB  ;  DPageTable  Disk 
2610, lb   : ITLB  ;  DPageTable  Disk 
2611, lb   : ITLB  ;  DPageTable  Disk 
2612, sh   : Disk  ;  DPageTable  Disk 
2613, sb   : ITLB  ;  DPageTable  Disk 
2614, sw   : ITLB  ;  DTLB 
2615, sb   : ITLB  ;  DTLB 
2616, lbu  : ITLB  ;  DPageTable  Disk 
2617, sh   : ITLB  ;  DPageTable  Disk 
2618, lhu  : ITLB  ;  DPageTable  Disk 
2619, sh   : ITLB  ;  DPageTable  Disk 
2620, sw   : ITLB  ;  DTLB 
2621, sb   : ITLB  ;  DPageTable  Disk 
2622, sb   : ITLB  ;  DTLB 
2623, lb   : ITLB  ;  DPageTable  Disk 
2624, lh   : ITLB  ;  DPageTable  Disk 
2625, sb   : ITLB  ;  DPageTable  Disk 
2626, lhu  : ITLB  ;  DPageTable  Disk 
2627, sh   : ITLB  ;  DPageTable  Disk 
2628, lbu  : ITLB  ;  DTLB 
2629, lbu  : ITLB  ;  DPageTable  Disk 
2630, sb   : ITLB  ;  DCache  DTLB 
2631, lh   : ITLB  ;  DPageTable  Disk 
2632, sb   : ITLB  ;  DPageTable  Disk 
2633, lh   : ITLB  ;  DPageTable  Disk 
2634, lw   : ITLB  ;  DPageTable  Disk 
2635, sw   : ITLB  ;  DCache  DTLB 
2636, lw   : ITLB  ;  DPageTable  Disk 
2637, sh   : ITLB  ;  DPageTable  Disk 
2638, lhu  : ITLB  ;  DPageTable  Disk 
2639, sw   : ITLB  ;  DPageTable  Disk 
2640, sw   : ITLB  ;  DPageTable  Disk 
2641, lbu  : ITLB  ;  DTLB 
2642, sh   : ITLB  ;  DPageTable  Disk 
2643, lh   : ITLB  ;  DPageTable  Disk 
2644, lbu  : Disk  ;  DPageTable  Disk 
2645, sb   : ITLB  ;  DCache  DTLB 
2646, sw   : ITLB  ;  DPageTable  Disk 
2647, sb   : ITLB  ;  DPageTable  Disk 
2648, sw   : ITLB  ;  DPageTable  Disk 
2649, sw   : ITLB  ;  DPageTable  Disk 
2650, sh   : ITLB  ;  DPageTable  Disk 
2651, sw   : ITLB  ;  DTLB 
2652, lbu  : ITLB  ;  DPageTable  Disk 
2653, sb   : ITLB  ;  DTLB 
2654, lbu  : ITLB  ;  DPageTable  Disk 
2655, lhu  : ITLB  ;  DCache  DTLB 
2656, lh   : ITLB  ;  DPageTable  Disk 
2657, sw   : ITLB  ;  DTLB 
2658, lhu  : ITLB  ;  DPageTable  Disk 
2659, sw   : ITLB  ;  DPageTable  Disk 
2660, lh   : ITLB  ;  DPageTable  Disk 
2661, sb   : ITLB  ;  DPageTable  Disk 
2662, lhu  : ITLB  ;  DTLB 
2663, sh   : ITLB  ;  DPageTable  Disk 
2664, lhu  : ITLB  ;  DPageTable  Disk 
2665, lh   : ITLB  ;  DPageTable  Disk 
2666, sh   : ITLB  ;  DPageTable  Disk 
2667, sw   : ITLB  ;  DPageTable  Disk 
2668, lhu  : ITLB  ;  DPageTable  Disk 
2669, lw   : ITLB  ;  DTLB 
2670, sh   : ITLB  ;  DPageTable  Disk 
2671, lw   : ITLB  ;  DPageTable  Disk 
2672, lh   : ITLB  ;  DPageTable  Disk 
2673, lhu  : ITLB  ;  DTLB 
2674, lb   : ITLB  ;  DPageTable  Disk 
2675, lh   : ITLB  ;  DCache  DTLB 
2676, sb   : Disk  ;  DPageTable  Disk 
2677, lb   : ITLB  ;  DPageTable  Disk 
2678, lh   : ITLB  ;  DPageTable  Disk 
2679, sb   : ITLB  ;  DTLB 
2680, lw   : ITLB  ;  DPageTable  Disk 
2681, sw   : ITLB  ;  DTLB 
2682, lb   : ITLB  ;  DPageTable  Disk 
2683, lb   : ITLB  ;  DPageTable  Disk 
2684, sb   : ITLB  ;  DPageTable  Disk 
2685, halt : ITLB  ; 
